Archive member included to satisfy reference by file (symbol)

C:/ST/STM32CubeIDE_1.9.0/STM32CubeIDE/plugins/com.st.stm32cube.ide.mcu.externaltools.gnu-tools-for-stm32.11.3.rel1.win32_1.1.0.202305231506/tools/bin/../lib/gcc/arm-none-eabi/11.3.1/../../../../arm-none-eabi/lib/thumb/v7e-m+fp/hard\libc_nano.a(libc_a-atoi.o)
                              ./Core/Src/mylibs/shell.o (atoi)
C:/ST/STM32CubeIDE_1.9.0/STM32CubeIDE/plugins/com.st.stm32cube.ide.mcu.externaltools.gnu-tools-for-stm32.11.3.rel1.win32_1.1.0.202305231506/tools/bin/../lib/gcc/arm-none-eabi/11.3.1/../../../../arm-none-eabi/lib/thumb/v7e-m+fp/hard\libc_nano.a(libc_a-exit.o)
                              C:/ST/STM32CubeIDE_1.9.0/STM32CubeIDE/plugins/com.st.stm32cube.ide.mcu.externaltools.gnu-tools-for-stm32.11.3.rel1.win32_1.1.0.202305231506/tools/bin/../lib/gcc/arm-none-eabi/11.3.1/../../../../arm-none-eabi/lib/thumb/v7e-m+fp/hard/crt0.o (exit)
C:/ST/STM32CubeIDE_1.9.0/STM32CubeIDE/plugins/com.st.stm32cube.ide.mcu.externaltools.gnu-tools-for-stm32.11.3.rel1.win32_1.1.0.202305231506/tools/bin/../lib/gcc/arm-none-eabi/11.3.1/../../../../arm-none-eabi/lib/thumb/v7e-m+fp/hard\libc_nano.a(libc_a-strtol.o)
                              C:/ST/STM32CubeIDE_1.9.0/STM32CubeIDE/plugins/com.st.stm32cube.ide.mcu.externaltools.gnu-tools-for-stm32.11.3.rel1.win32_1.1.0.202305231506/tools/bin/../lib/gcc/arm-none-eabi/11.3.1/../../../../arm-none-eabi/lib/thumb/v7e-m+fp/hard\libc_nano.a(libc_a-atoi.o) (_strtol_r)
C:/ST/STM32CubeIDE_1.9.0/STM32CubeIDE/plugins/com.st.stm32cube.ide.mcu.externaltools.gnu-tools-for-stm32.11.3.rel1.win32_1.1.0.202305231506/tools/bin/../lib/gcc/arm-none-eabi/11.3.1/../../../../arm-none-eabi/lib/thumb/v7e-m+fp/hard\libc_nano.a(libc_a-ctype_.o)
                              C:/ST/STM32CubeIDE_1.9.0/STM32CubeIDE/plugins/com.st.stm32cube.ide.mcu.externaltools.gnu-tools-for-stm32.11.3.rel1.win32_1.1.0.202305231506/tools/bin/../lib/gcc/arm-none-eabi/11.3.1/../../../../arm-none-eabi/lib/thumb/v7e-m+fp/hard\libc_nano.a(libc_a-strtol.o) (_ctype_)
C:/ST/STM32CubeIDE_1.9.0/STM32CubeIDE/plugins/com.st.stm32cube.ide.mcu.externaltools.gnu-tools-for-stm32.11.3.rel1.win32_1.1.0.202305231506/tools/bin/../lib/gcc/arm-none-eabi/11.3.1/../../../../arm-none-eabi/lib/thumb/v7e-m+fp/hard\libc_nano.a(libc_a-findfp.o)
                              C:/ST/STM32CubeIDE_1.9.0/STM32CubeIDE/plugins/com.st.stm32cube.ide.mcu.externaltools.gnu-tools-for-stm32.11.3.rel1.win32_1.1.0.202305231506/tools/bin/../lib/gcc/arm-none-eabi/11.3.1/../../../../arm-none-eabi/lib/thumb/v7e-m+fp/hard\libc_nano.a(libc_a-exit.o) (__stdio_exit_handler)
C:/ST/STM32CubeIDE_1.9.0/STM32CubeIDE/plugins/com.st.stm32cube.ide.mcu.externaltools.gnu-tools-for-stm32.11.3.rel1.win32_1.1.0.202305231506/tools/bin/../lib/gcc/arm-none-eabi/11.3.1/../../../../arm-none-eabi/lib/thumb/v7e-m+fp/hard\libc_nano.a(libc_a-fwalk.o)
                              C:/ST/STM32CubeIDE_1.9.0/STM32CubeIDE/plugins/com.st.stm32cube.ide.mcu.externaltools.gnu-tools-for-stm32.11.3.rel1.win32_1.1.0.202305231506/tools/bin/../lib/gcc/arm-none-eabi/11.3.1/../../../../arm-none-eabi/lib/thumb/v7e-m+fp/hard\libc_nano.a(libc_a-findfp.o) (_fwalk_sglue)
C:/ST/STM32CubeIDE_1.9.0/STM32CubeIDE/plugins/com.st.stm32cube.ide.mcu.externaltools.gnu-tools-for-stm32.11.3.rel1.win32_1.1.0.202305231506/tools/bin/../lib/gcc/arm-none-eabi/11.3.1/../../../../arm-none-eabi/lib/thumb/v7e-m+fp/hard\libc_nano.a(libc_a-snprintf.o)
                              ./Core/Src/mylibs/shell.o (snprintf)
C:/ST/STM32CubeIDE_1.9.0/STM32CubeIDE/plugins/com.st.stm32cube.ide.mcu.externaltools.gnu-tools-for-stm32.11.3.rel1.win32_1.1.0.202305231506/tools/bin/../lib/gcc/arm-none-eabi/11.3.1/../../../../arm-none-eabi/lib/thumb/v7e-m+fp/hard\libc_nano.a(libc_a-stdio.o)
                              C:/ST/STM32CubeIDE_1.9.0/STM32CubeIDE/plugins/com.st.stm32cube.ide.mcu.externaltools.gnu-tools-for-stm32.11.3.rel1.win32_1.1.0.202305231506/tools/bin/../lib/gcc/arm-none-eabi/11.3.1/../../../../arm-none-eabi/lib/thumb/v7e-m+fp/hard\libc_nano.a(libc_a-findfp.o) (__sread)
C:/ST/STM32CubeIDE_1.9.0/STM32CubeIDE/plugins/com.st.stm32cube.ide.mcu.externaltools.gnu-tools-for-stm32.11.3.rel1.win32_1.1.0.202305231506/tools/bin/../lib/gcc/arm-none-eabi/11.3.1/../../../../arm-none-eabi/lib/thumb/v7e-m+fp/hard\libc_nano.a(libc_a-memset.o)
                              C:/ST/STM32CubeIDE_1.9.0/STM32CubeIDE/plugins/com.st.stm32cube.ide.mcu.externaltools.gnu-tools-for-stm32.11.3.rel1.win32_1.1.0.202305231506/tools/bin/../lib/gcc/arm-none-eabi/11.3.1/../../../../arm-none-eabi/lib/thumb/v7e-m+fp/hard/crt0.o (memset)
C:/ST/STM32CubeIDE_1.9.0/STM32CubeIDE/plugins/com.st.stm32cube.ide.mcu.externaltools.gnu-tools-for-stm32.11.3.rel1.win32_1.1.0.202305231506/tools/bin/../lib/gcc/arm-none-eabi/11.3.1/../../../../arm-none-eabi/lib/thumb/v7e-m+fp/hard\libc_nano.a(libc_a-strtok.o)
                              ./Core/Src/mylibs/shell.o (strtok)
[...]
Memory Configuration

Name             Origin             Length             Attributes
RAM              0x0000000020000000 0x0000000000020000 xrw
FLASH            0x0000000008000000 0x0000000000080000 xr
*default*        0x0000000000000000 0xffffffffffffffff

Linker script and memory map

LOAD C:/ST/STM32CubeIDE_1.9.0/STM32CubeIDE/plugins/com.st.stm32cube.ide.mcu.externaltools.gnu-tools-for-stm32.11.3.rel1.win32_1.1.0.202305231506/tools/bin/../lib/gcc/arm-none-eabi/11.3.1/thumb/v7e-m+fp/hard/crti.o
LOAD C:/ST/STM32CubeIDE_1.9.0/STM32CubeIDE/plugins/com.st.stm32cube.ide.mcu.externaltools.gnu-tools-for-stm32.11.3.rel1.win32_1.1.0.202305231506/tools/bin/../lib/gcc/arm-none-eabi/11.3.1/thumb/v7e-m+fp/hard/crtbegin.o
LOAD C:/ST/STM32CubeIDE_1.9.0/STM32CubeIDE/plugins/com.st.stm32cube.ide.mcu.externaltools.gnu-tools-for-stm32.11.3.rel1.win32_1.1.0.202305231506/tools/bin/../lib/gcc/arm-none-eabi/11.3.1/../../../../arm-none-eabi/lib/thumb/v7e-m+fp/hard/crt0.o
LOAD ./Core/Src/adc.o
LOAD ./Core/Src/gpio.o
LOAD ./Core/Src/main.o
LOAD ./Core/Src/stm32g4xx_hal_msp.o
LOAD ./Core/Src/stm32g4xx_hal_timebase_tim.o
LOAD ./Core/Src/stm32g4xx_it.o
LOAD ./Core/Src/syscalls.o
LOAD ./Core/Src/sysmem.o
LOAD ./Core/Src/system_stm32g4xx.o
LOAD ./Core/Src/tim.o
LOAD ./Core/Src/usart.o
LOAD ./Core/Src/mylibs/pwm.o
LOAD ./Core/Src/mylibs/shell.o
LOAD ./Core/Startup/startup_stm32g474retx.o
LOAD ./Drivers/STM32G4xx_HAL_Driver/Src/stm32g4xx_hal.o
LOAD ./Drivers/STM32G4xx_HAL_Driver/Src/stm32g4xx_hal_adc.o
LOAD ./Drivers/STM32G4xx_HAL_Driver/Src/stm32g4xx_hal_adc_ex.o
LOAD ./Drivers/STM32G4xx_HAL_Driver/Src/stm32g4xx_hal_cortex.o
LOAD ./Drivers/STM32G4xx_HAL_Driver/Src/stm32g4xx_hal_dma.o
LOAD ./Drivers/STM32G4xx_HAL_Driver/Src/stm32g4xx_hal_dma_ex.o
LOAD ./Drivers/STM32G4xx_HAL_Driver/Src/stm32g4xx_hal_exti.o
LOAD ./Drivers/STM32G4xx_HAL_Driver/Src/stm32g4xx_hal_flash.o
LOAD ./Drivers/STM32G4xx_HAL_Driver/Src/stm32g4xx_hal_flash_ex.o
LOAD ./Drivers/STM32G4xx_HAL_Driver/Src/stm32g4xx_hal_flash_ramfunc.o
LOAD ./Drivers/STM32G4xx_HAL_Driver/Src/stm32g4xx_hal_gpio.o
LOAD ./Drivers/STM32G4xx_HAL_Driver/Src/stm32g4xx_hal_pwr.o
LOAD ./Drivers/STM32G4xx_HAL_Driver/Src/stm32g4xx_hal_pwr_ex.o
LOAD ./Drivers/STM32G4xx_HAL_Driver/Src/stm32g4xx_hal_rcc.o
LOAD ./Drivers/STM32G4xx_HAL_Driver/Src/stm32g4xx_hal_rcc_ex.o
LOAD ./Drivers/STM32G4xx_HAL_Driver/Src/stm32g4xx_hal_tim.o
LOAD ./Drivers/STM32G4xx_HAL_Driver/Src/stm32g4xx_hal_tim_ex.o
LOAD ./Drivers/STM32G4xx_HAL_Driver/Src/stm32g4xx_hal_uart.o
LOAD ./Drivers/STM32G4xx_HAL_Driver/Src/stm32g4xx_hal_uart_ex.o
LOAD ./Drivers/STM32G4xx_HAL_Driver/Src/stm32g4xx_ll_adc.o
START GROUP
LOAD C:/ST/STM32CubeIDE_1.9.0/STM32CubeIDE/plugins/com.st.stm32cube.ide.mcu.externaltools.gnu-tools-for-stm32.11.3.rel1.win32_1.1.0.202305231506/tools/bin/../lib/gcc/arm-none-eabi/11.3.1/../../../../arm-none-eabi/lib/thumb/v7e-m+fp/hard\libc_nano.a
LOAD C:/ST/STM32CubeIDE_1.9.0/STM32CubeIDE/plugins/com.st.stm32cube.ide.mcu.externaltools.gnu-tools-for-stm32.11.3.rel1.win32_1.1.0.202305231506/tools/bin/../lib/gcc/arm-none-eabi/11.3.1/../../../../arm-none-eabi/lib/thumb/v7e-m+fp/hard\libm.a
END GROUP
START GROUP
LOAD C:/ST/STM32CubeIDE_1.9.0/STM32CubeIDE/plugins/com.st.stm32cube.ide.mcu.externaltools.gnu-tools-for-stm32.11.3.rel1.win32_1.1.0.202305231506/tools/bin/../lib/gcc/arm-none-eabi/11.3.1/thumb/v7e-m+fp/hard\libgcc.a
LOAD C:/ST/STM32CubeIDE_1.9.0/STM32CubeIDE/plugins/com.st.stm32cube.ide.mcu.externaltools.gnu-tools-for-stm32.11.3.rel1.win32_1.1.0.202305231506/tools/bin/../lib/gcc/arm-none-eabi/11.3.1/../../../../arm-none-eabi/lib/thumb/v7e-m+fp/hard\libc_nano.a
END GROUP
START GROUP
LOAD C:/ST/STM32CubeIDE_1.9.0/STM32CubeIDE/plugins/com.st.stm32cube.ide.mcu.externaltools.gnu-tools-for-stm32.11.3.rel1.win32_1.1.0.202305231506/tools/bin/../lib/gcc/arm-none-eabi/11.3.1/thumb/v7e-m+fp/hard\libgcc.a
LOAD C:/ST/STM32CubeIDE_1.9.0/STM32CubeIDE/plugins/com.st.stm32cube.ide.mcu.externaltools.gnu-tools-for-stm32.11.3.rel1.win32_1.1.0.202305231506/tools/bin/../lib/gcc/arm-none-eabi/11.3.1/../../../../arm-none-eabi/lib/thumb/v7e-m+fp/hard\libc_nano.a
LOAD C:/ST/STM32CubeIDE_1.9.0/STM32CubeIDE/plugins/com.st.stm32cube.ide.mcu.externaltools.gnu-tools-for-stm32.11.3.rel1.win32_1.1.0.202305231506/tools/bin/../lib/gcc/arm-none-eabi/11.3.1/../../../../arm-none-eabi/lib/thumb/v7e-m+fp/hard\libnosys.a
END GROUP
START GROUP
LOAD C:/ST/STM32CubeIDE_1.9.0/STM32CubeIDE/plugins/com.st.stm32cube.ide.mcu.externaltools.gnu-tools-for-stm32.11.3.rel1.win32_1.1.0.202305231506/tools/bin/../lib/gcc/arm-none-eabi/11.3.1/thumb/v7e-m+fp/hard\libgcc.a
LOAD C:/ST/STM32CubeIDE_1.9.0/STM32CubeIDE/plugins/com.st.stm32cube.ide.mcu.externaltools.gnu-tools-for-stm32.11.3.rel1.win32_1.1.0.202305231506/tools/bin/../lib/gcc/arm-none-eabi/11.3.1/../../../../arm-none-eabi/lib/thumb/v7e-m+fp/hard\libc_nano.a
LOAD C:/ST/STM32CubeIDE_1.9.0/STM32CubeIDE/plugins/com.st.stm32cube.ide.mcu.externaltools.gnu-tools-for-stm32.11.3.rel1.win32_1.1.0.202305231506/tools/bin/../lib/gcc/arm-none-eabi/11.3.1/../../../../arm-none-eabi/lib/thumb/v7e-m+fp/hard\libnosys.a
END GROUP
LOAD C:/ST/STM32CubeIDE_1.9.0/STM32CubeIDE/plugins/com.st.stm32cube.ide.mcu.externaltools.gnu-tools-for-stm32.11.3.rel1.win32_1.1.0.202305231506/tools/bin/../lib/gcc/arm-none-eabi/11.3.1/thumb/v7e-m+fp/hard/crtend.o
LOAD C:/ST/STM32CubeIDE_1.9.0/STM32CubeIDE/plugins/com.st.stm32cube.ide.mcu.externaltools.gnu-tools-for-stm32.11.3.rel1.win32_1.1.0.202305231506/tools/bin/../lib/gcc/arm-none-eabi/11.3.1/thumb/v7e-m+fp/hard/crtn.o
                0x0000000020020000                _estack = (ORIGIN (RAM) + LENGTH (RAM))
                0x0000000000000200                _Min_Heap_Size = 0x200
                0x0000000000000400                _Min_Stack_Size = 0x400

.isr_vector     0x0000000008000000      0x1d8
                0x0000000008000000                . = ALIGN (0x4)
 *(.isr_vector)
 .isr_vector    0x0000000008000000      0x1d8 ./Core/Startup/startup_stm32g474retx.o
                0x0000000008000000                g_pfnVectors
                0x00000000080001d8                . = ALIGN (0x4)

.text           0x00000000080001e0     0x90b0
                0x00000000080001e0                . = ALIGN (0x4)
 *(.text)
 .text          0x00000000080001e0       0x40 C:/ST/STM32CubeIDE_1.9.0/STM32CubeIDE/plugins/com.st.stm32cube.ide.mcu.externaltools.gnu-tools-for-stm32.11.3.rel1.win32_1.1.0.202305231506/tools/bin/../lib/gcc/arm-none-eabi/11.3.1/thumb/v7e-m+fp/hard/crtbegin.o
 .text          0x0000000008000220       0x14 C:/ST/STM32CubeIDE_1.9.0/STM32CubeIDE/plugins/com.st.stm32cube.ide.mcu.externaltools.gnu-tools-for-stm32.11.3.rel1.win32_1.1.0.202305231506/tools/bin/../lib/gcc/arm-none-eabi/11.3.1/../../../../arm-none-eabi/lib/thumb/v7e-m+fp/hard\libc_nano.a(libc_a-strcmp.o)
                0x0000000008000220                strcmp
 .text          0x0000000008000234       0x10 C:/ST/STM32CubeIDE_1.9.0/STM32CubeIDE/plugins/com.st.stm32cube.ide.mcu.externaltools.gnu-tools-for-stm32.11.3.rel1.win32_1.1.0.202305231506/tools/bin/../lib/gcc/arm-none-eabi/11.3.1/../../../../arm-none-eabi/lib/thumb/v7e-m+fp/hard\libc_nano.a(libc_a-strlen.o)
                0x0000000008000234                strlen
 *fill*         0x0000000008000244        0xc 
 .text          0x0000000008000250       0xa0 C:/ST/STM32CubeIDE_1.9.0/STM32CubeIDE/plugins/com.st.stm32cube.ide.mcu.externaltools.gnu-tools-for-stm32.11.3.rel1.win32_1.1.0.202305231506/tools/bin/../lib/gcc/arm-none-eabi/11.3.1/../../../../arm-none-eabi/lib/thumb/v7e-m+fp/hard\libc_nano.a(libc_a-memchr.o)
                0x0000000008000250                memchr
 .text          0x00000000080002f0       0x30 C:/ST/STM32CubeIDE_1.9.0/STM32CubeIDE/plugins/com.st.stm32cube.ide.mcu.externaltools.gnu-tools-for-stm32.11.3.rel1.win32_1.1.0.202305231506/tools/bin/../lib/gcc/arm-none-eabi/11.3.1/thumb/v7e-m+fp/hard\libgcc.a(_aeabi_uldivmod.o)
                0x00000000080002f0                __aeabi_uldivmod
 .text          0x0000000008000320      0x2c8 C:/ST/STM32CubeIDE_1.9.0/STM32CubeIDE/plugins/com.st.stm32cube.ide.mcu.externaltools.gnu-tools-for-stm32.11.3.rel1.win32_1.1.0.202305231506/tools/bin/../lib/gcc/arm-none-eabi/11.3.1/thumb/v7e-m+fp/hard\libgcc.a(_udivmoddi4.o)
                0x0000000008000320                __udivmoddi4
 .text          0x00000000080005e8        0x4 C:/ST/STM32CubeIDE_1.9.0/STM32CubeIDE/plugins/com.st.stm32cube.ide.mcu.externaltools.gnu-tools-for-stm32.11.3.rel1.win32_1.1.0.202305231506/tools/bin/../lib/gcc/arm-none-eabi/11.3.1/thumb/v7e-m+fp/hard\libgcc.a(_dvmd_tls.o)
                0x00000000080005e8                __aeabi_idiv0
                0x00000000080005e8                __aeabi_ldiv0
 *(.text*)
 .text.MX_ADC1_Init
                0x00000000080005ec       0xf0 ./Core/Src/adc.o
                0x00000000080005ec                MX_ADC1_Init
 .text.MX_ADC2_Init
                0x00000000080006dc       0xcc ./Core/Src/adc.o
                0x00000000080006dc                MX_ADC2_Init
 .text.HAL_ADC_MspInit
                0x00000000080007a8      0x1f4 ./Core/Src/adc.o
                0x00000000080007a8                HAL_ADC_MspInit
 .text.MX_GPIO_Init
                0x000000000800099c      0x120 ./Core/Src/gpio.o
                0x000000000800099c                MX_GPIO_Init
 .text.main     0x0000000008000abc       0x3c ./Core/Src/main.o
                0x0000000008000abc                main
 .text.SystemClock_Config
                0x0000000008000af8       0x92 ./Core/Src/main.o
                0x0000000008000af8                SystemClock_Config
 *fill*         0x0000000008000b8a        0x2 
 .text.HAL_TIM_PeriodElapsedCallback
                0x0000000008000b8c       0x24 ./Core/Src/main.o
                0x0000000008000b8c                HAL_TIM_PeriodElapsedCallback
 .text.Error_Handler
                0x0000000008000bb0        0xa ./Core/Src/main.o
                0x0000000008000bb0                Error_Handler
 *fill*         0x0000000008000bba        0x2 
 .text.HAL_MspInit
                0x0000000008000bbc       0x48 ./Core/Src/stm32g4xx_hal_msp.o
                0x0000000008000bbc                HAL_MspInit
 .text.HAL_InitTick
                0x0000000008000c04       0xd8 ./Core/Src/stm32g4xx_hal_timebase_tim.o
                0x0000000008000c04                HAL_InitTick
 .text.NMI_Handler
                0x0000000008000cdc        0x6 ./Core/Src/stm32g4xx_it.o
                0x0000000008000cdc                NMI_Handler
 .text.HardFault_Handler
                0x0000000008000ce2        0x6 ./Core/Src/stm32g4xx_it.o
                0x0000000008000ce2                HardFault_Handler
 .text.MemManage_Handler
                0x0000000008000ce8        0x6 ./Core/Src/stm32g4xx_it.o
                0x0000000008000ce8                MemManage_Handler
 .text.BusFault_Handler
                0x0000000008000cee        0x6 ./Core/Src/stm32g4xx_it.o
                0x0000000008000cee                BusFault_Handler
 .text.UsageFault_Handler
                0x0000000008000cf4        0x6 ./Core/Src/stm32g4xx_it.o
                0x0000000008000cf4                UsageFault_Handler
 .text.SVC_Handler
                0x0000000008000cfa        0xe ./Core/Src/stm32g4xx_it.o
                0x0000000008000cfa                SVC_Handler
 .text.DebugMon_Handler
                0x0000000008000d08        0xe ./Core/Src/stm32g4xx_it.o
                0x0000000008000d08                DebugMon_Handler
 .text.PendSV_Handler
                0x0000000008000d16        0xe ./Core/Src/stm32g4xx_it.o
                0x0000000008000d16                PendSV_Handler
 .text.SysTick_Handler
                0x0000000008000d24        0xe ./Core/Src/stm32g4xx_it.o
                0x0000000008000d24                SysTick_Handler
 *fill*         0x0000000008000d32        0x2 
 .text.USART2_IRQHandler
                0x0000000008000d34       0x14 ./Core/Src/stm32g4xx_it.o
                0x0000000008000d34                USART2_IRQHandler
 .text.USART3_IRQHandler
                0x0000000008000d48       0x14 ./Core/Src/stm32g4xx_it.o
                0x0000000008000d48                USART3_IRQHandler
 .text.EXTI15_10_IRQHandler
                0x0000000008000d5c       0x10 ./Core/Src/stm32g4xx_it.o
                0x0000000008000d5c                EXTI15_10_IRQHandler
 .text.TIM6_DAC_IRQHandler
                0x0000000008000d6c       0x14 ./Core/Src/stm32g4xx_it.o
                0x0000000008000d6c                TIM6_DAC_IRQHandler
 .text._getpid  0x0000000008000d80       0x10 ./Core/Src/syscalls.o
                0x0000000008000d80                _getpid
 .text._kill    0x0000000008000d90       0x20 ./Core/Src/syscalls.o
                0x0000000008000d90                _kill
 .text._exit    0x0000000008000db0       0x14 ./Core/Src/syscalls.o
                0x0000000008000db0                _exit
 .text._read    0x0000000008000dc4       0x3a ./Core/Src/syscalls.o
                0x0000000008000dc4                _read
 .text._write   0x0000000008000dfe       0x38 ./Core/Src/syscalls.o
                0x0000000008000dfe                _write
 .text._close   0x0000000008000e36       0x18 ./Core/Src/syscalls.o
                0x0000000008000e36                _close
 .text._fstat   0x0000000008000e4e       0x20 ./Core/Src/syscalls.o
                0x0000000008000e4e                _fstat
 .text._isatty  0x0000000008000e6e       0x16 ./Core/Src/syscalls.o
                0x0000000008000e6e                _isatty
 .text._lseek   0x0000000008000e84       0x1a ./Core/Src/syscalls.o
                0x0000000008000e84                _lseek
 *fill*         0x0000000008000e9e        0x2 
 .text._sbrk    0x0000000008000ea0       0x6c ./Core/Src/sysmem.o
                0x0000000008000ea0                _sbrk
 .text.SystemInit
                0x0000000008000f0c       0x24 ./Core/Src/system_stm32g4xx.o
                0x0000000008000f0c                SystemInit
 .text.MX_TIM1_Init
                0x0000000008000f30      0x164 ./Core/Src/tim.o
                0x0000000008000f30                MX_TIM1_Init
 .text.MX_TIM3_Init
                0x0000000008001094       0x98 ./Core/Src/tim.o
                0x0000000008001094                MX_TIM3_Init
 .text.HAL_TIM_PWM_MspInit
                0x000000000800112c       0x40 ./Core/Src/tim.o
                0x000000000800112c                HAL_TIM_PWM_MspInit
 .text.HAL_TIMEx_HallSensor_MspInit
                0x000000000800116c       0xc4 ./Core/Src/tim.o
                0x000000000800116c                HAL_TIMEx_HallSensor_MspInit
 .text.HAL_TIM_MspPostInit
                0x0000000008001230       0xd0 ./Core/Src/tim.o
                0x0000000008001230                HAL_TIM_MspPostInit
 .text.MX_USART2_UART_Init
                0x0000000008001300       0x98 ./Core/Src/usart.o
                0x0000000008001300                MX_USART2_UART_Init
 .text.MX_USART3_UART_Init
                0x0000000008001398       0x98 ./Core/Src/usart.o
                0x0000000008001398                MX_USART3_UART_Init
 .text.HAL_UART_MspInit
                0x0000000008001430      0x150 ./Core/Src/usart.o
                0x0000000008001430                HAL_UART_MspInit
 .text.pwm_start
                0x0000000008001580       0x2c ./Core/Src/mylibs/pwm.o
                0x0000000008001580                pwm_start
 .text.set_pwm_alpha
                0x00000000080015ac       0x54 ./Core/Src/mylibs/pwm.o
                0x00000000080015ac                set_pwm_alpha
 .text.Shell_Init
                0x0000000008001600       0x80 ./Core/Src/mylibs/shell.o
                0x0000000008001600                Shell_Init
 .text.Shell_Loop
                0x0000000008001680      0x264 ./Core/Src/mylibs/shell.o
                0x0000000008001680                Shell_Loop
 .text.HAL_UART_RxCpltCallback
                0x00000000080018e4       0x2c ./Core/Src/mylibs/shell.o
                0x00000000080018e4                HAL_UART_RxCpltCallback
 .text.Reset_Handler
                0x0000000008001910       0x50 ./Core/Startup/startup_stm32g474retx.o
                0x0000000008001910                Reset_Handler
 .text.Default_Handler
                0x0000000008001960        0x2 ./Core/Startup/startup_stm32g474retx.o
                0x0000000008001960                RTC_Alarm_IRQHandler
                0x0000000008001960                EXTI2_IRQHandler
                0x0000000008001960                TIM8_TRG_COM_IRQHandler
                0x0000000008001960                TIM8_CC_IRQHandler
                0x0000000008001960                HRTIM1_Master_IRQHandler
                0x0000000008001960                SPI4_IRQHandler
                0x0000000008001960                FDCAN3_IT0_IRQHandler
                0x0000000008001960                TIM1_CC_IRQHandler
                0x0000000008001960                HRTIM1_FLT_IRQHandler
                0x0000000008001960                HRTIM1_TIMF_IRQHandler
                0x0000000008001960                USB_HP_IRQHandler
                0x0000000008001960                CORDIC_IRQHandler
                0x0000000008001960                HRTIM1_TIMD_IRQHandler
                0x0000000008001960                DMA2_Channel8_IRQHandler
                0x0000000008001960                EXTI3_IRQHandler
                0x0000000008001960                I2C3_ER_IRQHandler
                0x0000000008001960                EXTI0_IRQHandler
                0x0000000008001960                I2C2_EV_IRQHandler
                0x0000000008001960                FPU_IRQHandler
                0x0000000008001960                FDCAN1_IT1_IRQHandler
                0x0000000008001960                TIM1_UP_TIM16_IRQHandler
                0x0000000008001960                ADC1_2_IRQHandler
                0x0000000008001960                HRTIM1_TIME_IRQHandler
                0x0000000008001960                SPI1_IRQHandler
                0x0000000008001960                HRTIM1_TIMC_IRQHandler
                0x0000000008001960                TIM8_UP_IRQHandler
                0x0000000008001960                DMA2_Channel2_IRQHandler
                0x0000000008001960                DMA1_Channel4_IRQHandler
                0x0000000008001960                TIM20_TRG_COM_IRQHandler
                0x0000000008001960                DMA1_Channel7_IRQHandler
                0x0000000008001960                UART5_IRQHandler
                0x0000000008001960                ADC3_IRQHandler
                0x0000000008001960                TIM4_IRQHandler
                0x0000000008001960                DMA2_Channel1_IRQHandler
                0x0000000008001960                QUADSPI_IRQHandler
                0x0000000008001960                I2C1_EV_IRQHandler
                0x0000000008001960                DMA1_Channel6_IRQHandler
                0x0000000008001960                UART4_IRQHandler
                0x0000000008001960                DMA2_Channel4_IRQHandler
                0x0000000008001960                TIM3_IRQHandler
                0x0000000008001960                RCC_IRQHandler
                0x0000000008001960                TIM20_UP_IRQHandler
                0x0000000008001960                DMA1_Channel1_IRQHandler
                0x0000000008001960                Default_Handler
                0x0000000008001960                DMA2_Channel7_IRQHandler
                0x0000000008001960                RTC_TAMP_LSECSS_IRQHandler
                0x0000000008001960                FMAC_IRQHandler
                0x0000000008001960                DMA1_Channel8_IRQHandler
                0x0000000008001960                HRTIM1_TIMA_IRQHandler
                0x0000000008001960                TIM7_DAC_IRQHandler
                0x0000000008001960                FDCAN3_IT1_IRQHandler
                0x0000000008001960                TIM5_IRQHandler
                0x0000000008001960                UCPD1_IRQHandler
                0x0000000008001960                I2C3_EV_IRQHandler
                0x0000000008001960                EXTI9_5_IRQHandler
                0x0000000008001960                RTC_WKUP_IRQHandler
                0x0000000008001960                PVD_PVM_IRQHandler
                0x0000000008001960                SPI2_IRQHandler
                0x0000000008001960                ADC5_IRQHandler
                0x0000000008001960                DMA2_Channel5_IRQHandler
                0x0000000008001960                CRS_IRQHandler
                0x0000000008001960                DMA1_Channel5_IRQHandler
                0x0000000008001960                USB_LP_IRQHandler
                0x0000000008001960                EXTI4_IRQHandler
                0x0000000008001960                RNG_IRQHandler
                0x0000000008001960                HRTIM1_TIMB_IRQHandler
                0x0000000008001960                TIM1_TRG_COM_TIM17_IRQHandler
                0x0000000008001960                FDCAN2_IT1_IRQHandler
                0x0000000008001960                DMA1_Channel3_IRQHandler
                0x0000000008001960                ADC4_IRQHandler
                0x0000000008001960                WWDG_IRQHandler
                0x0000000008001960                I2C4_EV_IRQHandler
                0x0000000008001960                FDCAN2_IT0_IRQHandler
                0x0000000008001960                LPUART1_IRQHandler
                0x0000000008001960                DMA2_Channel6_IRQHandler
                0x0000000008001960                FDCAN1_IT0_IRQHandler
                0x0000000008001960                TIM2_IRQHandler
                0x0000000008001960                COMP7_IRQHandler
                0x0000000008001960                COMP1_2_3_IRQHandler
                0x0000000008001960                EXTI1_IRQHandler
                0x0000000008001960                COMP4_5_6_IRQHandler
                0x0000000008001960                TIM20_BRK_IRQHandler
                0x0000000008001960                I2C2_ER_IRQHandler
                0x0000000008001960                DMA1_Channel2_IRQHandler
                0x0000000008001960                TIM8_BRK_IRQHandler
                0x0000000008001960                FLASH_IRQHandler
                0x0000000008001960                TIM20_CC_IRQHandler
                0x0000000008001960                USART1_IRQHandler
                0x0000000008001960                SPI3_IRQHandler
                0x0000000008001960                I2C1_ER_IRQHandler
                0x0000000008001960                FMC_IRQHandler
                0x0000000008001960                LPTIM1_IRQHandler
                0x0000000008001960                DMAMUX_OVR_IRQHandler
                0x0000000008001960                I2C4_ER_IRQHandler
                0x0000000008001960                USBWakeUp_IRQHandler
                0x0000000008001960                SAI1_IRQHandler
                0x0000000008001960                DMA2_Channel3_IRQHandler
                0x0000000008001960                TIM1_BRK_TIM15_IRQHandler
 .text.HAL_Init
                0x0000000008001962       0x30 ./Drivers/STM32G4xx_HAL_Driver/Src/stm32g4xx_hal.o
                0x0000000008001962                HAL_Init
 *fill*         0x0000000008001992        0x2 
 .text.HAL_IncTick
                0x0000000008001994       0x24 ./Drivers/STM32G4xx_HAL_Driver/Src/stm32g4xx_hal.o
                0x0000000008001994                HAL_IncTick
 .text.HAL_GetTick
                0x00000000080019b8       0x18 ./Drivers/STM32G4xx_HAL_Driver/Src/stm32g4xx_hal.o
                0x00000000080019b8                HAL_GetTick
 .text.LL_ADC_SetCommonClock
                0x00000000080019d0       0x26 ./Drivers/STM32G4xx_HAL_Driver/Src/stm32g4xx_hal_adc.o
 .text.LL_ADC_SetCommonPathInternalCh
                0x00000000080019f6       0x26 ./Drivers/STM32G4xx_HAL_Driver/Src/stm32g4xx_hal_adc.o
 .text.LL_ADC_GetCommonPathInternalCh
                0x0000000008001a1c       0x1c ./Drivers/STM32G4xx_HAL_Driver/Src/stm32g4xx_hal_adc.o
 .text.LL_ADC_SetOffset
                0x0000000008001a38       0x48 ./Drivers/STM32G4xx_HAL_Driver/Src/stm32g4xx_hal_adc.o
 .text.LL_ADC_GetOffsetChannel
                0x0000000008001a80       0x2c ./Drivers/STM32G4xx_HAL_Driver/Src/stm32g4xx_hal_adc.o
 .text.LL_ADC_SetOffsetState
                0x0000000008001aac       0x36 ./Drivers/STM32G4xx_HAL_Driver/Src/stm32g4xx_hal_adc.o
 .text.LL_ADC_SetOffsetSign
                0x0000000008001ae2       0x36 ./Drivers/STM32G4xx_HAL_Driver/Src/stm32g4xx_hal_adc.o
 .text.LL_ADC_SetOffsetSaturation
                0x0000000008001b18       0x36 ./Drivers/STM32G4xx_HAL_Driver/Src/stm32g4xx_hal_adc.o
 .text.LL_ADC_SetSamplingTimeCommonConfig
                0x0000000008001b4e       0x26 ./Drivers/STM32G4xx_HAL_Driver/Src/stm32g4xx_hal_adc.o
 .text.LL_ADC_REG_SetSequencerRanks
                0x0000000008001b74       0x58 ./Drivers/STM32G4xx_HAL_Driver/Src/stm32g4xx_hal_adc.o
 .text.LL_ADC_SetChannelSamplingTime
                0x0000000008001bcc       0x56 ./Drivers/STM32G4xx_HAL_Driver/Src/stm32g4xx_hal_adc.o
 *fill*         0x0000000008001c22        0x2 
 .text.LL_ADC_SetChannelSingleDiff
                0x0000000008001c24       0x50 ./Drivers/STM32G4xx_HAL_Driver/Src/stm32g4xx_hal_adc.o
 .text.LL_ADC_DisableDeepPowerDown
                0x0000000008001c74       0x24 ./Drivers/STM32G4xx_HAL_Driver/Src/stm32g4xx_hal_adc.o
 .text.LL_ADC_IsDeepPowerDownEnabled
                0x0000000008001c98       0x28 ./Drivers/STM32G4xx_HAL_Driver/Src/stm32g4xx_hal_adc.o
 .text.LL_ADC_EnableInternalRegulator
                0x0000000008001cc0       0x28 ./Drivers/STM32G4xx_HAL_Driver/Src/stm32g4xx_hal_adc.o
 .text.LL_ADC_IsInternalRegulatorEnabled
                0x0000000008001ce8       0x28 ./Drivers/STM32G4xx_HAL_Driver/Src/stm32g4xx_hal_adc.o
 .text.LL_ADC_IsEnabled
                0x0000000008001d10       0x26 ./Drivers/STM32G4xx_HAL_Driver/Src/stm32g4xx_hal_adc.o
 .text.LL_ADC_REG_IsConversionOngoing
                0x0000000008001d36       0x26 ./Drivers/STM32G4xx_HAL_Driver/Src/stm32g4xx_hal_adc.o
 .text.LL_ADC_INJ_IsConversionOngoing
                0x0000000008001d5c       0x26 ./Drivers/STM32G4xx_HAL_Driver/Src/stm32g4xx_hal_adc.o
 *fill*         0x0000000008001d82        0x2 
 .text.HAL_ADC_Init
                0x0000000008001d84      0x384 ./Drivers/STM32G4xx_HAL_Driver/Src/stm32g4xx_hal_adc.o
                0x0000000008001d84                HAL_ADC_Init
 .text.HAL_ADC_ConfigChannel
                0x0000000008002108      0x880 ./Drivers/STM32G4xx_HAL_Driver/Src/stm32g4xx_hal_adc.o
                0x0000000008002108                HAL_ADC_ConfigChannel
 .text.LL_ADC_IsEnabled
                0x0000000008002988       0x26 ./Drivers/STM32G4xx_HAL_Driver/Src/stm32g4xx_hal_adc_ex.o
 .text.LL_ADC_REG_IsConversionOngoing
                0x00000000080029ae       0x26 ./Drivers/STM32G4xx_HAL_Driver/Src/stm32g4xx_hal_adc_ex.o
 .text.HAL_ADCEx_MultiModeConfigChannel
                0x00000000080029d4      0x210 ./Drivers/STM32G4xx_HAL_Driver/Src/stm32g4xx_hal_adc_ex.o
                0x00000000080029d4                HAL_ADCEx_MultiModeConfigChannel
 .text.__NVIC_SetPriorityGrouping
                0x0000000008002be4       0x48 ./Drivers/STM32G4xx_HAL_Driver/Src/stm32g4xx_hal_cortex.o
 .text.__NVIC_GetPriorityGrouping
                0x0000000008002c2c       0x1c ./Drivers/STM32G4xx_HAL_Driver/Src/stm32g4xx_hal_cortex.o
 .text.__NVIC_EnableIRQ
                0x0000000008002c48       0x3c ./Drivers/STM32G4xx_HAL_Driver/Src/stm32g4xx_hal_cortex.o
 .text.__NVIC_SetPriority
                0x0000000008002c84       0x54 ./Drivers/STM32G4xx_HAL_Driver/Src/stm32g4xx_hal_cortex.o
 .text.NVIC_EncodePriority
                0x0000000008002cd8       0x66 ./Drivers/STM32G4xx_HAL_Driver/Src/stm32g4xx_hal_cortex.o
 .text.HAL_NVIC_SetPriorityGrouping
                0x0000000008002d3e       0x16 ./Drivers/STM32G4xx_HAL_Driver/Src/stm32g4xx_hal_cortex.o
                0x0000000008002d3e                HAL_NVIC_SetPriorityGrouping
 .text.HAL_NVIC_SetPriority
                0x0000000008002d54       0x34 ./Drivers/STM32G4xx_HAL_Driver/Src/stm32g4xx_hal_cortex.o
                0x0000000008002d54                HAL_NVIC_SetPriority
 .text.HAL_NVIC_EnableIRQ
                0x0000000008002d88       0x1c ./Drivers/STM32G4xx_HAL_Driver/Src/stm32g4xx_hal_cortex.o
                0x0000000008002d88                HAL_NVIC_EnableIRQ
 .text.HAL_DMA_Abort
                0x0000000008002da4       0xb2 ./Drivers/STM32G4xx_HAL_Driver/Src/stm32g4xx_hal_dma.o
                0x0000000008002da4                HAL_DMA_Abort
 .text.HAL_DMA_Abort_IT
                0x0000000008002e56       0xce ./Drivers/STM32G4xx_HAL_Driver/Src/stm32g4xx_hal_dma.o
                0x0000000008002e56                HAL_DMA_Abort_IT
 .text.HAL_GPIO_Init
                0x0000000008002f24      0x304 ./Drivers/STM32G4xx_HAL_Driver/Src/stm32g4xx_hal_gpio.o
                0x0000000008002f24                HAL_GPIO_Init
 .text.HAL_GPIO_WritePin
                0x0000000008003228       0x30 ./Drivers/STM32G4xx_HAL_Driver/Src/stm32g4xx_hal_gpio.o
                0x0000000008003228                HAL_GPIO_WritePin
 .text.HAL_GPIO_EXTI_IRQHandler
                0x0000000008003258       0x30 ./Drivers/STM32G4xx_HAL_Driver/Src/stm32g4xx_hal_gpio.o
                0x0000000008003258                HAL_GPIO_EXTI_IRQHandler
 .text.HAL_GPIO_EXTI_Callback
                0x0000000008003288       0x16 ./Drivers/STM32G4xx_HAL_Driver/Src/stm32g4xx_hal_gpio.o
                0x0000000008003288                HAL_GPIO_EXTI_Callback
 *fill*         0x000000000800329e        0x2 
 .text.HAL_PWREx_ControlVoltageScaling
                0x00000000080032a0      0x148 ./Drivers/STM32G4xx_HAL_Driver/Src/stm32g4xx_hal_pwr_ex.o
                0x00000000080032a0                HAL_PWREx_ControlVoltageScaling
 .text.HAL_PWREx_DisableUCPDDeadBattery
                0x00000000080033e8       0x20 ./Drivers/STM32G4xx_HAL_Driver/Src/stm32g4xx_hal_pwr_ex.o
                0x00000000080033e8                HAL_PWREx_DisableUCPDDeadBattery
 .text.HAL_RCC_OscConfig
                0x0000000008003408      0x630 ./Drivers/STM32G4xx_HAL_Driver/Src/stm32g4xx_hal_rcc.o
                0x0000000008003408                HAL_RCC_OscConfig
 .text.HAL_RCC_ClockConfig
                0x0000000008003a38      0x278 ./Drivers/STM32G4xx_HAL_Driver/Src/stm32g4xx_hal_rcc.o
                0x0000000008003a38                HAL_RCC_ClockConfig
 .text.HAL_RCC_GetSysClockFreq
                0x0000000008003cb0       0xc4 ./Drivers/STM32G4xx_HAL_Driver/Src/stm32g4xx_hal_rcc.o
                0x0000000008003cb0                HAL_RCC_GetSysClockFreq
 .text.HAL_RCC_GetHCLKFreq
                0x0000000008003d74       0x18 ./Drivers/STM32G4xx_HAL_Driver/Src/stm32g4xx_hal_rcc.o
                0x0000000008003d74                HAL_RCC_GetHCLKFreq
 .text.HAL_RCC_GetPCLK1Freq
                0x0000000008003d8c       0x2c ./Drivers/STM32G4xx_HAL_Driver/Src/stm32g4xx_hal_rcc.o
                0x0000000008003d8c                HAL_RCC_GetPCLK1Freq
 .text.HAL_RCC_GetPCLK2Freq
                0x0000000008003db8       0x2c ./Drivers/STM32G4xx_HAL_Driver/Src/stm32g4xx_hal_rcc.o
                0x0000000008003db8                HAL_RCC_GetPCLK2Freq
 .text.HAL_RCC_GetClockConfig
                0x0000000008003de4       0x64 ./Drivers/STM32G4xx_HAL_Driver/Src/stm32g4xx_hal_rcc.o
                0x0000000008003de4                HAL_RCC_GetClockConfig
 .text.RCC_GetSysClockFreqFromPLLSource
                0x0000000008003e48       0x8c ./Drivers/STM32G4xx_HAL_Driver/Src/stm32g4xx_hal_rcc.o
 .text.HAL_RCCEx_PeriphCLKConfig
                0x0000000008003ed4      0x49c ./Drivers/STM32G4xx_HAL_Driver/Src/stm32g4xx_hal_rcc_ex.o
                0x0000000008003ed4                HAL_RCCEx_PeriphCLKConfig
 .text.HAL_TIM_Base_Init
                0x0000000008004370       0xae ./Drivers/STM32G4xx_HAL_Driver/Src/stm32g4xx_hal_tim.o
                0x0000000008004370                HAL_TIM_Base_Init
 .text.HAL_TIM_Base_MspInit
                0x000000000800441e       0x14 ./Drivers/STM32G4xx_HAL_Driver/Src/stm32g4xx_hal_tim.o
                0x000000000800441e                HAL_TIM_Base_MspInit
 *fill*         0x0000000008004432        0x2 
 .text.HAL_TIM_Base_Start_IT
                0x0000000008004434       0xf0 ./Drivers/STM32G4xx_HAL_Driver/Src/stm32g4xx_hal_tim.o
                0x0000000008004434                HAL_TIM_Base_Start_IT
 .text.HAL_TIM_PWM_Init
                0x0000000008004524       0xae ./Drivers/STM32G4xx_HAL_Driver/Src/stm32g4xx_hal_tim.o
                0x0000000008004524                HAL_TIM_PWM_Init
 *fill*         0x00000000080045d2        0x2 
 .text.HAL_TIM_PWM_Start
                0x00000000080045d4      0x224 ./Drivers/STM32G4xx_HAL_Driver/Src/stm32g4xx_hal_tim.o
                0x00000000080045d4                HAL_TIM_PWM_Start
 .text.HAL_TIM_IRQHandler
                0x00000000080047f8      0x2fe ./Drivers/STM32G4xx_HAL_Driver/Src/stm32g4xx_hal_tim.o
                0x00000000080047f8                HAL_TIM_IRQHandler
 *fill*         0x0000000008004af6        0x2 
 .text.HAL_TIM_PWM_ConfigChannel
                0x0000000008004af8      0x228 ./Drivers/STM32G4xx_HAL_Driver/Src/stm32g4xx_hal_tim.o
                0x0000000008004af8                HAL_TIM_PWM_ConfigChannel
 .text.HAL_TIM_OC_DelayElapsedCallback
                0x0000000008004d20       0x14 ./Drivers/STM32G4xx_HAL_Driver/Src/stm32g4xx_hal_tim.o
                0x0000000008004d20                HAL_TIM_OC_DelayElapsedCallback
 .text.HAL_TIM_IC_CaptureCallback
                0x0000000008004d34       0x14 ./Drivers/STM32G4xx_HAL_Driver/Src/stm32g4xx_hal_tim.o
                0x0000000008004d34                HAL_TIM_IC_CaptureCallback
 .text.HAL_TIM_PWM_PulseFinishedCallback
                0x0000000008004d48       0x14 ./Drivers/STM32G4xx_HAL_Driver/Src/stm32g4xx_hal_tim.o
                0x0000000008004d48                HAL_TIM_PWM_PulseFinishedCallback
 .text.HAL_TIM_TriggerCallback
                0x0000000008004d5c       0x14 ./Drivers/STM32G4xx_HAL_Driver/Src/stm32g4xx_hal_tim.o
                0x0000000008004d5c                HAL_TIM_TriggerCallback
 .text.TIM_Base_SetConfig
                0x0000000008004d70      0x150 ./Drivers/STM32G4xx_HAL_Driver/Src/stm32g4xx_hal_tim.o
                0x0000000008004d70                TIM_Base_SetConfig
 .text.TIM_OC1_SetConfig
                0x0000000008004ec0      0x134 ./Drivers/STM32G4xx_HAL_Driver/Src/stm32g4xx_hal_tim.o
 .text.TIM_OC2_SetConfig
                0x0000000008004ff4      0x128 ./Drivers/STM32G4xx_HAL_Driver/Src/stm32g4xx_hal_tim.o
                0x0000000008004ff4                TIM_OC2_SetConfig
 .text.TIM_OC3_SetConfig
                0x000000000800511c      0x124 ./Drivers/STM32G4xx_HAL_Driver/Src/stm32g4xx_hal_tim.o
 .text.TIM_OC4_SetConfig
                0x0000000008005240      0x128 ./Drivers/STM32G4xx_HAL_Driver/Src/stm32g4xx_hal_tim.o
 .text.TIM_OC5_SetConfig
                0x0000000008005368       0xd4 ./Drivers/STM32G4xx_HAL_Driver/Src/stm32g4xx_hal_tim.o
 .text.TIM_OC6_SetConfig
                0x000000000800543c       0xd8 ./Drivers/STM32G4xx_HAL_Driver/Src/stm32g4xx_hal_tim.o
 .text.TIM_TI1_SetConfig
                0x0000000008005514       0xe8 ./Drivers/STM32G4xx_HAL_Driver/Src/stm32g4xx_hal_tim.o
                0x0000000008005514                TIM_TI1_SetConfig
 .text.TIM_CCxChannelCmd
                0x00000000080055fc       0x4a ./Drivers/STM32G4xx_HAL_Driver/Src/stm32g4xx_hal_tim.o
                0x00000000080055fc                TIM_CCxChannelCmd
 .text.HAL_TIMEx_HallSensor_Init
                0x0000000008005646      0x15e ./Drivers/STM32G4xx_HAL_Driver/Src/stm32g4xx_hal_tim_ex.o
                0x0000000008005646                HAL_TIMEx_HallSensor_Init
 .text.HAL_TIMEx_PWMN_Start
                0x00000000080057a4      0x184 ./Drivers/STM32G4xx_HAL_Driver/Src/stm32g4xx_hal_tim_ex.o
                0x00000000080057a4                HAL_TIMEx_PWMN_Start
 .text.HAL_TIMEx_MasterConfigSynchronization
                0x0000000008005928      0x12c ./Drivers/STM32G4xx_HAL_Driver/Src/stm32g4xx_hal_tim_ex.o
                0x0000000008005928                HAL_TIMEx_MasterConfigSynchronization
 .text.HAL_TIMEx_ConfigBreakDeadTime
                0x0000000008005a54      0x164 ./Drivers/STM32G4xx_HAL_Driver/Src/stm32g4xx_hal_tim_ex.o
                0x0000000008005a54                HAL_TIMEx_ConfigBreakDeadTime
 .text.HAL_TIMEx_EnableDeadTimePreload
                0x0000000008005bb8       0x26 ./Drivers/STM32G4xx_HAL_Driver/Src/stm32g4xx_hal_tim_ex.o
                0x0000000008005bb8                HAL_TIMEx_EnableDeadTimePreload
 .text.HAL_TIMEx_CommutCallback
                0x0000000008005bde       0x14 ./Drivers/STM32G4xx_HAL_Driver/Src/stm32g4xx_hal_tim_ex.o
                0x0000000008005bde                HAL_TIMEx_CommutCallback
 .text.HAL_TIMEx_BreakCallback
                0x0000000008005bf2       0x14 ./Drivers/STM32G4xx_HAL_Driver/Src/stm32g4xx_hal_tim_ex.o
                0x0000000008005bf2                HAL_TIMEx_BreakCallback
 .text.HAL_TIMEx_Break2Callback
                0x0000000008005c06       0x14 ./Drivers/STM32G4xx_HAL_Driver/Src/stm32g4xx_hal_tim_ex.o
                0x0000000008005c06                HAL_TIMEx_Break2Callback
 .text.HAL_TIMEx_EncoderIndexCallback
                0x0000000008005c1a       0x14 ./Drivers/STM32G4xx_HAL_Driver/Src/stm32g4xx_hal_tim_ex.o
                0x0000000008005c1a                HAL_TIMEx_EncoderIndexCallback
 .text.HAL_TIMEx_DirectionChangeCallback
                0x0000000008005c2e       0x14 ./Drivers/STM32G4xx_HAL_Driver/Src/stm32g4xx_hal_tim_ex.o
                0x0000000008005c2e                HAL_TIMEx_DirectionChangeCallback
 .text.HAL_TIMEx_IndexErrorCallback
                0x0000000008005c42       0x14 ./Drivers/STM32G4xx_HAL_Driver/Src/stm32g4xx_hal_tim_ex.o
                0x0000000008005c42                HAL_TIMEx_IndexErrorCallback
 .text.HAL_TIMEx_TransitionErrorCallback
                0x0000000008005c56       0x14 ./Drivers/STM32G4xx_HAL_Driver/Src/stm32g4xx_hal_tim_ex.o
                0x0000000008005c56                HAL_TIMEx_TransitionErrorCallback
 .text.TIM_CCxNChannelCmd
                0x0000000008005c6a       0x4a ./Drivers/STM32G4xx_HAL_Driver/Src/stm32g4xx_hal_tim_ex.o
 .text.HAL_UART_Init
                0x0000000008005cb4       0xa0 ./Drivers/STM32G4xx_HAL_Driver/Src/stm32g4xx_hal_uart.o
                0x0000000008005cb4                HAL_UART_Init
 .text.HAL_UART_Transmit
                0x0000000008005d54      0x12c ./Drivers/STM32G4xx_HAL_Driver/Src/stm32g4xx_hal_uart.o
                0x0000000008005d54                HAL_UART_Transmit
 .text.HAL_UART_Receive_IT
                0x0000000008005e80       0xac ./Drivers/STM32G4xx_HAL_Driver/Src/stm32g4xx_hal_uart.o
                0x0000000008005e80                HAL_UART_Receive_IT
 .text.HAL_UART_IRQHandler
                0x0000000008005f2c      0x630 ./Drivers/STM32G4xx_HAL_Driver/Src/stm32g4xx_hal_uart.o
                0x0000000008005f2c                HAL_UART_IRQHandler
 .text.HAL_UART_TxCpltCallback
                0x000000000800655c       0x14 ./Drivers/STM32G4xx_HAL_Driver/Src/stm32g4xx_hal_uart.o
                0x000000000800655c                HAL_UART_TxCpltCallback
 .text.HAL_UART_ErrorCallback
                0x0000000008006570       0x14 ./Drivers/STM32G4xx_HAL_Driver/Src/stm32g4xx_hal_uart.o
                0x0000000008006570                HAL_UART_ErrorCallback
 .text.HAL_UARTEx_RxEventCallback
                0x0000000008006584       0x18 ./Drivers/STM32G4xx_HAL_Driver/Src/stm32g4xx_hal_uart.o
                0x0000000008006584                HAL_UARTEx_RxEventCallback
 .text.UART_SetConfig
                0x000000000800659c      0x5f8 ./Drivers/STM32G4xx_HAL_Driver/Src/stm32g4xx_hal_uart.o
                0x000000000800659c                UART_SetConfig
 .text.UART_AdvFeatureConfig
                0x0000000008006b94      0x144 ./Drivers/STM32G4xx_HAL_Driver/Src/stm32g4xx_hal_uart.o
                0x0000000008006b94                UART_AdvFeatureConfig
 .text.UART_CheckIdleState
                0x0000000008006cd8       0x96 ./Drivers/STM32G4xx_HAL_Driver/Src/stm32g4xx_hal_uart.o
                0x0000000008006cd8                UART_CheckIdleState
 .text.UART_WaitOnFlagUntilTimeout
                0x0000000008006d6e      0x190 ./Drivers/STM32G4xx_HAL_Driver/Src/stm32g4xx_hal_uart.o
                0x0000000008006d6e                UART_WaitOnFlagUntilTimeout
 *fill*         0x0000000008006efe        0x2 
 .text.UART_Start_Receive_IT
                0x0000000008006f00      0x254 ./Drivers/STM32G4xx_HAL_Driver/Src/stm32g4xx_hal_uart.o
                0x0000000008006f00                UART_Start_Receive_IT
 .text.UART_EndRxTransfer
                0x0000000008007154       0xcc ./Drivers/STM32G4xx_HAL_Driver/Src/stm32g4xx_hal_uart.o
 .text.UART_DMAAbortOnError
                0x0000000008007220       0x2c ./Drivers/STM32G4xx_HAL_Driver/Src/stm32g4xx_hal_uart.o
 .text.UART_EndTransmit_IT
                0x000000000800724c       0x56 ./Drivers/STM32G4xx_HAL_Driver/Src/stm32g4xx_hal_uart.o
 .text.UART_RxISR_8BIT
                0x00000000080072a2      0x160 ./Drivers/STM32G4xx_HAL_Driver/Src/stm32g4xx_hal_uart.o
 .text.UART_RxISR_16BIT
                0x0000000008007402      0x160 ./Drivers/STM32G4xx_HAL_Driver/Src/stm32g4xx_hal_uart.o
 *fill*         0x0000000008007562        0x2 
 .text.UART_RxISR_8BIT_FIFOEN
                0x0000000008007564      0x2f8 ./Drivers/STM32G4xx_HAL_Driver/Src/stm32g4xx_hal_uart.o
 .text.UART_RxISR_16BIT_FIFOEN
                0x000000000800785c      0x300 ./Drivers/STM32G4xx_HAL_Driver/Src/stm32g4xx_hal_uart.o
 .text.HAL_UARTEx_WakeupCallback
                0x0000000008007b5c       0x14 ./Drivers/STM32G4xx_HAL_Driver/Src/stm32g4xx_hal_uart_ex.o
                0x0000000008007b5c                HAL_UARTEx_WakeupCallback
 .text.HAL_UARTEx_RxFifoFullCallback
                0x0000000008007b70       0x14 ./Drivers/STM32G4xx_HAL_Driver/Src/stm32g4xx_hal_uart_ex.o
                0x0000000008007b70                HAL_UARTEx_RxFifoFullCallback
 .text.HAL_UARTEx_TxFifoEmptyCallback
                0x0000000008007b84       0x14 ./Drivers/STM32G4xx_HAL_Driver/Src/stm32g4xx_hal_uart_ex.o
                0x0000000008007b84                HAL_UARTEx_TxFifoEmptyCallback
 .text.HAL_UARTEx_DisableFifoMode
                0x0000000008007b98       0x72 ./Drivers/STM32G4xx_HAL_Driver/Src/stm32g4xx_hal_uart_ex.o
                0x0000000008007b98                HAL_UARTEx_DisableFifoMode
 .text.HAL_UARTEx_SetTxFifoThreshold
                0x0000000008007c0a       0x7c ./Drivers/STM32G4xx_HAL_Driver/Src/stm32g4xx_hal_uart_ex.o
                0x0000000008007c0a                HAL_UARTEx_SetTxFifoThreshold
 .text.HAL_UARTEx_SetRxFifoThreshold
                0x0000000008007c86       0x7c ./Drivers/STM32G4xx_HAL_Driver/Src/stm32g4xx_hal_uart_ex.o
                0x0000000008007c86                HAL_UARTEx_SetRxFifoThreshold
 *fill*         0x0000000008007d02        0x2 
 .text.UARTEx_SetNbDataToProcess
                0x0000000008007d04       0x9c ./Drivers/STM32G4xx_HAL_Driver/Src/stm32g4xx_hal_uart_ex.o
 .text.atoi     0x0000000008007da0        0x8 C:/ST/STM32CubeIDE_1.9.0/STM32CubeIDE/plugins/com.st.stm32cube.ide.mcu.externaltools.gnu-tools-for-stm32.11.3.rel1.win32_1.1.0.202305231506/tools/bin/../lib/gcc/arm-none-eabi/11.3.1/../../../../arm-none-eabi/lib/thumb/v7e-m+fp/hard\libc_nano.a(libc_a-atoi.o)
                0x0000000008007da0                atoi
 .text._strtol_l.constprop.0
                0x0000000008007da8      0x104 C:/ST/STM32CubeIDE_1.9.0/STM32CubeIDE/plugins/com.st.stm32cube.ide.mcu.externaltools.gnu-tools-for-stm32.11.3.rel1.win32_1.1.0.202305231506/tools/bin/../lib/gcc/arm-none-eabi/11.3.1/../../../../arm-none-eabi/lib/thumb/v7e-m+fp/hard\libc_nano.a(libc_a-strtol.o)
 .text.strtol   0x0000000008007eac       0x14 C:/ST/STM32CubeIDE_1.9.0/STM32CubeIDE/plugins/com.st.stm32cube.ide.mcu.externaltools.gnu-tools-for-stm32.11.3.rel1.win32_1.1.0.202305231506/tools/bin/../lib/gcc/arm-none-eabi/11.3.1/../../../../arm-none-eabi/lib/thumb/v7e-m+fp/hard\libc_nano.a(libc_a-strtol.o)
                0x0000000008007eac                strtol
 .text.std      0x0000000008007ec0       0x48 C:/ST/STM32CubeIDE_1.9.0/STM32CubeIDE/plugins/com.st.stm32cube.ide.mcu.externaltools.gnu-tools-for-stm32.11.3.rel1.win32_1.1.0.202305231506/tools/bin/../lib/gcc/arm-none-eabi/11.3.1/../../../../arm-none-eabi/lib/thumb/v7e-m+fp/hard\libc_nano.a(libc_a-findfp.o)
 .text.stdio_exit_handler
                0x0000000008007f08       0x18 C:/ST/STM32CubeIDE_1.9.0/STM32CubeIDE/plugins/com.st.stm32cube.ide.mcu.externaltools.gnu-tools-for-stm32.11.3.rel1.win32_1.1.0.202305231506/tools/bin/../lib/gcc/arm-none-eabi/11.3.1/../../../../arm-none-eabi/lib/thumb/v7e-m+fp/hard\libc_nano.a(libc_a-findfp.o)
 .text.cleanup_stdio
                0x0000000008007f20       0x40 C:/ST/STM32CubeIDE_1.9.0/STM32CubeIDE/plugins/com.st.stm32cube.ide.mcu.externaltools.gnu-tools-for-stm32.11.3.rel1.win32_1.1.0.202305231506/tools/bin/../lib/gcc/arm-none-eabi/11.3.1/../../../../arm-none-eabi/lib/thumb/v7e-m+fp/hard\libc_nano.a(libc_a-findfp.o)
 .text.global_stdio_init.part.0
                0x0000000008007f60       0x3c C:/ST/STM32CubeIDE_1.9.0/STM32CubeIDE/plugins/com.st.stm32cube.ide.mcu.externaltools.gnu-tools-for-stm32.11.3.rel1.win32_1.1.0.202305231506/tools/bin/../lib/gcc/arm-none-eabi/11.3.1/../../../../arm-none-eabi/lib/thumb/v7e-m+fp/hard\libc_nano.a(libc_a-findfp.o)
 .text.__sfp_lock_acquire
                0x0000000008007f9c        0xc C:/ST/STM32CubeIDE_1.9.0/STM32CubeIDE/plugins/com.st.stm32cube.ide.mcu.externaltools.gnu-tools-for-stm32.11.3.rel1.win32_1.1.0.202305231506/tools/bin/../lib/gcc/arm-none-eabi/11.3.1/../../../../arm-none-eabi/lib/thumb/v7e-m+fp/hard\libc_nano.a(libc_a-findfp.o)
                0x0000000008007f9c                __sfp_lock_acquire
 .text.__sfp_lock_release
                0x0000000008007fa8        0xc C:/ST/STM32CubeIDE_1.9.0/STM32CubeIDE/plugins/com.st.stm32cube.ide.mcu.externaltools.gnu-tools-for-stm32.11.3.rel1.win32_1.1.0.202305231506/tools/bin/../lib/gcc/arm-none-eabi/11.3.1/../../../../arm-none-eabi/lib/thumb/v7e-m+fp/hard\libc_nano.a(libc_a-findfp.o)
                0x0000000008007fa8                __sfp_lock_release
 .text.__sinit  0x0000000008007fb4       0x30 C:/ST/STM32CubeIDE_1.9.0/STM32CubeIDE/plugins/com.st.stm32cube.ide.mcu.externaltools.gnu-tools-for-stm32.11.3.rel1.win32_1.1.0.202305231506/tools/bin/../lib/gcc/arm-none-eabi/11.3.1/../../../../arm-none-eabi/lib/thumb/v7e-m+fp/hard\libc_nano.a(libc_a-findfp.o)
                0x0000000008007fb4                __sinit
 .text._fwalk_sglue
                0x0000000008007fe4       0x3c C:/ST/STM32CubeIDE_1.9.0/STM32CubeIDE/plugins/com.st.stm32cube.ide.mcu.externaltools.gnu-tools-for-stm32.11.3.rel1.win32_1.1.0.202305231506/tools/bin/../lib/gcc/arm-none-eabi/11.3.1/../../../../arm-none-eabi/lib/thumb/v7e-m+fp/hard\libc_nano.a(libc_a-fwalk.o)
                0x0000000008007fe4                _fwalk_sglue
 .text.snprintf
                0x0000000008008020       0x68 C:/ST/STM32CubeIDE_1.9.0/STM32CubeIDE/plugins/com.st.stm32cube.ide.mcu.externaltools.gnu-tools-for-stm32.11.3.rel1.win32_1.1.0.202305231506/tools/bin/../lib/gcc/arm-none-eabi/11.3.1/../../../../arm-none-eabi/lib/thumb/v7e-m+fp/hard\libc_nano.a(libc_a-snprintf.o)
                0x0000000008008020                sniprintf
                0x0000000008008020                snprintf
 .text.__sread  0x0000000008008088       0x22 C:/ST/STM32CubeIDE_1.9.0/STM32CubeIDE/plugins/com.st.stm32cube.ide.mcu.externaltools.gnu-tools-for-stm32.11.3.rel1.win32_1.1.0.202305231506/tools/bin/../lib/gcc/arm-none-eabi/11.3.1/../../../../arm-none-eabi/lib/thumb/v7e-m+fp/hard\libc_nano.a(libc_a-stdio.o)
                0x0000000008008088                __sread
 .text.__swrite
                0x00000000080080aa       0x38 C:/ST/STM32CubeIDE_1.9.0/STM32CubeIDE/plugins/com.st.stm32cube.ide.mcu.externaltools.gnu-tools-for-stm32.11.3.rel1.win32_1.1.0.202305231506/tools/bin/../lib/gcc/arm-none-eabi/11.3.1/../../../../arm-none-eabi/lib/thumb/v7e-m+fp/hard\libc_nano.a(libc_a-stdio.o)
                0x00000000080080aa                __swrite
 .text.__sseek  0x00000000080080e2       0x24 C:/ST/STM32CubeIDE_1.9.0/STM32CubeIDE/plugins/com.st.stm32cube.ide.mcu.externaltools.gnu-tools-for-stm32.11.3.rel1.win32_1.1.0.202305231506/tools/bin/../lib/gcc/arm-none-eabi/11.3.1/../../../../arm-none-eabi/lib/thumb/v7e-m+fp/hard\libc_nano.a(libc_a-stdio.o)
                0x00000000080080e2                __sseek
 .text.__sclose
                0x0000000008008106        0x8 C:/ST/STM32CubeIDE_1.9.0/STM32CubeIDE/plugins/com.st.stm32cube.ide.mcu.externaltools.gnu-tools-for-stm32.11.3.rel1.win32_1.1.0.202305231506/tools/bin/../lib/gcc/arm-none-eabi/11.3.1/../../../../arm-none-eabi/lib/thumb/v7e-m+fp/hard\libc_nano.a(libc_a-stdio.o)
                0x0000000008008106                __sclose
 .text.memset   0x000000000800810e       0x10 C:/ST/STM32CubeIDE_1.9.0/STM32CubeIDE/plugins/com.st.stm32cube.ide.mcu.externaltools.gnu-tools-for-stm32.11.3.rel1.win32_1.1.0.202305231506/tools/bin/../lib/gcc/arm-none-eabi/11.3.1/../../../../arm-none-eabi/lib/thumb/v7e-m+fp/hard\libc_nano.a(libc_a-memset.o)
                0x000000000800810e                memset
 *fill*         0x000000000800811e        0x2 
 .text.strtok   0x0000000008008120       0x68 C:/ST/STM32CubeIDE_1.9.0/STM32CubeIDE/plugins/com.st.stm32cube.ide.mcu.externaltools.gnu-tools-for-stm32.11.3.rel1.win32_1.1.0.202305231506/tools/bin/../lib/gcc/arm-none-eabi/11.3.1/../../../../arm-none-eabi/lib/thumb/v7e-m+fp/hard\libc_nano.a(libc_a-strtok.o)
                0x0000000008008120                strtok
 .text.__strtok_r
                0x0000000008008188       0x50 C:/ST/STM32CubeIDE_1.9.0/STM32CubeIDE/plugins/com.st.stm32cube.ide.mcu.externaltools.gnu-tools-for-stm32.11.3.rel1.win32_1.1.0.202305231506/tools/bin/../lib/gcc/arm-none-eabi/11.3.1/../../../../arm-none-eabi/lib/thumb/v7e-m+fp/hard\libc_nano.a(libc_a-strtok_r.o)
                0x0000000008008188                __strtok_r
 .text._close_r
                0x00000000080081d8       0x20 C:/ST/STM32CubeIDE_1.9.0/STM32CubeIDE/plugins/com.st.stm32cube.ide.mcu.externaltools.gnu-tools-for-stm32.11.3.rel1.win32_1.1.0.202305231506/tools/bin/../lib/gcc/arm-none-eabi/11.3.1/../../../../arm-none-eabi/lib/thumb/v7e-m+fp/hard\libc_nano.a(libc_a-closer.o)
                0x00000000080081d8                _close_r
 .text._lseek_r
                0x00000000080081f8       0x24 C:/ST/STM32CubeIDE_1.9.0/STM32CubeIDE/plugins/com.st.stm32cube.ide.mcu.externaltools.gnu-tools-for-stm32.11.3.rel1.win32_1.1.0.202305231506/tools/bin/../lib/gcc/arm-none-eabi/11.3.1/../../../../arm-none-eabi/lib/thumb/v7e-m+fp/hard\libc_nano.a(libc_a-lseekr.o)
                0x00000000080081f8                _lseek_r
 .text._read_r  0x000000000800821c       0x24 C:/ST/STM32CubeIDE_1.9.0/STM32CubeIDE/plugins/com.st.stm32cube.ide.mcu.externaltools.gnu-tools-for-stm32.11.3.rel1.win32_1.1.0.202305231506/tools/bin/../lib/gcc/arm-none-eabi/11.3.1/../../../../arm-none-eabi/lib/thumb/v7e-m+fp/hard\libc_nano.a(libc_a-readr.o)
                0x000000000800821c                _read_r
 .text._write_r
                0x0000000008008240       0x24 C:/ST/STM32CubeIDE_1.9.0/STM32CubeIDE/plugins/com.st.stm32cube.ide.mcu.externaltools.gnu-tools-for-stm32.11.3.rel1.win32_1.1.0.202305231506/tools/bin/../lib/gcc/arm-none-eabi/11.3.1/../../../../arm-none-eabi/lib/thumb/v7e-m+fp/hard\libc_nano.a(libc_a-writer.o)
                0x0000000008008240                _write_r
 .text.__errno  0x0000000008008264        0xc C:/ST/STM32CubeIDE_1.9.0/STM32CubeIDE/plugins/com.st.stm32cube.ide.mcu.externaltools.gnu-tools-for-stm32.11.3.rel1.win32_1.1.0.202305231506/tools/bin/../lib/gcc/arm-none-eabi/11.3.1/../../../../arm-none-eabi/lib/thumb/v7e-m+fp/hard\libc_nano.a(libc_a-errno.o)
                0x0000000008008264                __errno
 .text.__libc_init_array
                0x0000000008008270       0x48 C:/ST/STM32CubeIDE_1.9.0/STM32CubeIDE/plugins/com.st.stm32cube.ide.mcu.externaltools.gnu-tools-for-stm32.11.3.rel1.win32_1.1.0.202305231506/tools/bin/../lib/gcc/arm-none-eabi/11.3.1/../../../../arm-none-eabi/lib/thumb/v7e-m+fp/hard\libc_nano.a(libc_a-init.o)
                0x0000000008008270                __libc_init_array
 .text.__retarget_lock_acquire_recursive
                0x00000000080082b8        0x2 C:/ST/STM32CubeIDE_1.9.0/STM32CubeIDE/plugins/com.st.stm32cube.ide.mcu.externaltools.gnu-tools-for-stm32.11.3.rel1.win32_1.1.0.202305231506/tools/bin/../lib/gcc/arm-none-eabi/11.3.1/../../../../arm-none-eabi/lib/thumb/v7e-m+fp/hard\libc_nano.a(libc_a-lock.o)
                0x00000000080082b8                __retarget_lock_acquire_recursive
 .text.__retarget_lock_release_recursive
                0x00000000080082ba        0x2 C:/ST/STM32CubeIDE_1.9.0/STM32CubeIDE/plugins/com.st.stm32cube.ide.mcu.externaltools.gnu-tools-for-stm32.11.3.rel1.win32_1.1.0.202305231506/tools/bin/../lib/gcc/arm-none-eabi/11.3.1/../../../../arm-none-eabi/lib/thumb/v7e-m+fp/hard\libc_nano.a(libc_a-lock.o)
                0x00000000080082ba                __retarget_lock_release_recursive
 .text.__assert_func
                0x00000000080082bc       0x3c C:/ST/STM32CubeIDE_1.9.0/STM32CubeIDE/plugins/com.st.stm32cube.ide.mcu.externaltools.gnu-tools-for-stm32.11.3.rel1.win32_1.1.0.202305231506/tools/bin/../lib/gcc/arm-none-eabi/11.3.1/../../../../arm-none-eabi/lib/thumb/v7e-m+fp/hard\libc_nano.a(libc_a-assert.o)
                0x00000000080082bc                __assert_func
 .text._free_r  0x00000000080082f8       0x98 C:/ST/STM32CubeIDE_1.9.0/STM32CubeIDE/plugins/com.st.stm32cube.ide.mcu.externaltools.gnu-tools-for-stm32.11.3.rel1.win32_1.1.0.202305231506/tools/bin/../lib/gcc/arm-none-eabi/11.3.1/../../../../arm-none-eabi/lib/thumb/v7e-m+fp/hard\libc_nano.a(libc_a-freer.o)
                0x00000000080082f8                _free_r
 .text.malloc   0x0000000008008390       0x10 C:/ST/STM32CubeIDE_1.9.0/STM32CubeIDE/plugins/com.st.stm32cube.ide.mcu.externaltools.gnu-tools-for-stm32.11.3.rel1.win32_1.1.0.202305231506/tools/bin/../lib/gcc/arm-none-eabi/11.3.1/../../../../arm-none-eabi/lib/thumb/v7e-m+fp/hard\libc_nano.a(libc_a-malloc.o)
                0x0000000008008390                malloc
 .text.sbrk_aligned
                0x00000000080083a0       0x40 C:/ST/STM32CubeIDE_1.9.0/STM32CubeIDE/plugins/com.st.stm32cube.ide.mcu.externaltools.gnu-tools-for-stm32.11.3.rel1.win32_1.1.0.202305231506/tools/bin/../lib/gcc/arm-none-eabi/11.3.1/../../../../arm-none-eabi/lib/thumb/v7e-m+fp/hard\libc_nano.a(libc_a-mallocr.o)
 .text._malloc_r
                0x00000000080083e0      0x100 C:/ST/STM32CubeIDE_1.9.0/STM32CubeIDE/plugins/com.st.stm32cube.ide.mcu.externaltools.gnu-tools-for-stm32.11.3.rel1.win32_1.1.0.202305231506/tools/bin/../lib/gcc/arm-none-eabi/11.3.1/../../../../arm-none-eabi/lib/thumb/v7e-m+fp/hard\libc_nano.a(libc_a-mallocr.o)
                0x00000000080083e0                _malloc_r
 .text.__malloc_lock
                0x00000000080084e0        0xc C:/ST/STM32CubeIDE_1.9.0/STM32CubeIDE/plugins/com.st.stm32cube.ide.mcu.externaltools.gnu-tools-for-stm32.11.3.rel1.win32_1.1.0.202305231506/tools/bin/../lib/gcc/arm-none-eabi/11.3.1/../../../../arm-none-eabi/lib/thumb/v7e-m+fp/hard\libc_nano.a(libc_a-mlock.o)
                0x00000000080084e0                __malloc_lock
 .text.__malloc_unlock
                0x00000000080084ec        0xc C:/ST/STM32CubeIDE_1.9.0/STM32CubeIDE/plugins/com.st.stm32cube.ide.mcu.externaltools.gnu-tools-for-stm32.11.3.rel1.win32_1.1.0.202305231506/tools/bin/../lib/gcc/arm-none-eabi/11.3.1/../../../../arm-none-eabi/lib/thumb/v7e-m+fp/hard\libc_nano.a(libc_a-mlock.o)
                0x00000000080084ec                __malloc_unlock
 .text.__ssputs_r
                0x00000000080084f8       0xb4 C:/ST/STM32CubeIDE_1.9.0/STM32CubeIDE/plugins/com.st.stm32cube.ide.mcu.externaltools.gnu-tools-for-stm32.11.3.rel1.win32_1.1.0.202305231506/tools/bin/../lib/gcc/arm-none-eabi/11.3.1/../../../../arm-none-eabi/lib/thumb/v7e-m+fp/hard\libc_nano.a(libc_a-nano-svfprintf.o)
                0x00000000080084f8                __ssputs_r
 .text._svfprintf_r
                0x00000000080085ac      0x1fc C:/ST/STM32CubeIDE_1.9.0/STM32CubeIDE/plugins/com.st.stm32cube.ide.mcu.externaltools.gnu-tools-for-stm32.11.3.rel1.win32_1.1.0.202305231506/tools/bin/../lib/gcc/arm-none-eabi/11.3.1/../../../../arm-none-eabi/lib/thumb/v7e-m+fp/hard\libc_nano.a(libc_a-nano-svfprintf.o)
                0x00000000080085ac                _svfiprintf_r
                0x00000000080085ac                _svfprintf_r
 .text._printf_common
                0x00000000080087a8       0xda C:/ST/STM32CubeIDE_1.9.0/STM32CubeIDE/plugins/com.st.stm32cube.ide.mcu.externaltools.gnu-tools-for-stm32.11.3.rel1.win32_1.1.0.202305231506/tools/bin/../lib/gcc/arm-none-eabi/11.3.1/../../../../arm-none-eabi/lib/thumb/v7e-m+fp/hard\libc_nano.a(libc_a-nano-vfprintf_i.o)
                0x00000000080087a8                _printf_common
 *fill*         0x0000000008008882        0x2 
 .text._printf_i
                0x0000000008008884      0x244 C:/ST/STM32CubeIDE_1.9.0/STM32CubeIDE/plugins/com.st.stm32cube.ide.mcu.externaltools.gnu-tools-for-stm32.11.3.rel1.win32_1.1.0.202305231506/tools/bin/../lib/gcc/arm-none-eabi/11.3.1/../../../../arm-none-eabi/lib/thumb/v7e-m+fp/hard\libc_nano.a(libc_a-nano-vfprintf_i.o)
                0x0000000008008884                _printf_i
 .text.__sflush_r
                0x0000000008008ac8      0x10c C:/ST/STM32CubeIDE_1.9.0/STM32CubeIDE/plugins/com.st.stm32cube.ide.mcu.externaltools.gnu-tools-for-stm32.11.3.rel1.win32_1.1.0.202305231506/tools/bin/../lib/gcc/arm-none-eabi/11.3.1/../../../../arm-none-eabi/lib/thumb/v7e-m+fp/hard\libc_nano.a(libc_a-fflush.o)
                0x0000000008008ac8                __sflush_r
 .text._fflush_r
                0x0000000008008bd4       0x50 C:/ST/STM32CubeIDE_1.9.0/STM32CubeIDE/plugins/com.st.stm32cube.ide.mcu.externaltools.gnu-tools-for-stm32.11.3.rel1.win32_1.1.0.202305231506/tools/bin/../lib/gcc/arm-none-eabi/11.3.1/../../../../arm-none-eabi/lib/thumb/v7e-m+fp/hard\libc_nano.a(libc_a-fflush.o)
                0x0000000008008bd4                _fflush_r
 .text.fprintf  0x0000000008008c24       0x24 C:/ST/STM32CubeIDE_1.9.0/STM32CubeIDE/plugins/com.st.stm32cube.ide.mcu.externaltools.gnu-tools-for-stm32.11.3.rel1.win32_1.1.0.202305231506/tools/bin/../lib/gcc/arm-none-eabi/11.3.1/../../../../arm-none-eabi/lib/thumb/v7e-m+fp/hard\libc_nano.a(libc_a-fprintf.o)
                0x0000000008008c24                fiprintf
                0x0000000008008c24                fprintf
 .text.memmove  0x0000000008008c48       0x34 C:/ST/STM32CubeIDE_1.9.0/STM32CubeIDE/plugins/com.st.stm32cube.ide.mcu.externaltools.gnu-tools-for-stm32.11.3.rel1.win32_1.1.0.202305231506/tools/bin/../lib/gcc/arm-none-eabi/11.3.1/../../../../arm-none-eabi/lib/thumb/v7e-m+fp/hard\libc_nano.a(libc_a-memmove.o)
                0x0000000008008c48                memmove
 .text._sbrk_r  0x0000000008008c7c       0x20 C:/ST/STM32CubeIDE_1.9.0/STM32CubeIDE/plugins/com.st.stm32cube.ide.mcu.externaltools.gnu-tools-for-stm32.11.3.rel1.win32_1.1.0.202305231506/tools/bin/../lib/gcc/arm-none-eabi/11.3.1/../../../../arm-none-eabi/lib/thumb/v7e-m+fp/hard\libc_nano.a(libc_a-sbrkr.o)
                0x0000000008008c7c                _sbrk_r
 .text.memcpy   0x0000000008008c9c       0x1c C:/ST/STM32CubeIDE_1.9.0/STM32CubeIDE/plugins/com.st.stm32cube.ide.mcu.externaltools.gnu-tools-for-stm32.11.3.rel1.win32_1.1.0.202305231506/tools/bin/../lib/gcc/arm-none-eabi/11.3.1/../../../../arm-none-eabi/lib/thumb/v7e-m+fp/hard\libc_nano.a(libc_a-memcpy-stub.o)
                0x0000000008008c9c                memcpy
 .text.abort    0x0000000008008cb8        0xe C:/ST/STM32CubeIDE_1.9.0/STM32CubeIDE/plugins/com.st.stm32cube.ide.mcu.externaltools.gnu-tools-for-stm32.11.3.rel1.win32_1.1.0.202305231506/tools/bin/../lib/gcc/arm-none-eabi/11.3.1/../../../../arm-none-eabi/lib/thumb/v7e-m+fp/hard\libc_nano.a(libc_a-abort.o)
                0x0000000008008cb8                abort
 .text._realloc_r
                0x0000000008008cc6       0x5e C:/ST/STM32CubeIDE_1.9.0/STM32CubeIDE/plugins/com.st.stm32cube.ide.mcu.externaltools.gnu-tools-for-stm32.11.3.rel1.win32_1.1.0.202305231506/tools/bin/../lib/gcc/arm-none-eabi/11.3.1/../../../../arm-none-eabi/lib/thumb/v7e-m+fp/hard\libc_nano.a(libc_a-reallocr.o)
                0x0000000008008cc6                _realloc_r
 .text.__sfputc_r
                0x0000000008008d24       0x2e C:/ST/STM32CubeIDE_1.9.0/STM32CubeIDE/plugins/com.st.stm32cube.ide.mcu.externaltools.gnu-tools-for-stm32.11.3.rel1.win32_1.1.0.202305231506/tools/bin/../lib/gcc/arm-none-eabi/11.3.1/../../../../arm-none-eabi/lib/thumb/v7e-m+fp/hard\libc_nano.a(libc_a-nano-vfprintf.o)
 .text.__sfputs_r
                0x0000000008008d52       0x24 C:/ST/STM32CubeIDE_1.9.0/STM32CubeIDE/plugins/com.st.stm32cube.ide.mcu.externaltools.gnu-tools-for-stm32.11.3.rel1.win32_1.1.0.202305231506/tools/bin/../lib/gcc/arm-none-eabi/11.3.1/../../../../arm-none-eabi/lib/thumb/v7e-m+fp/hard\libc_nano.a(libc_a-nano-vfprintf.o)
                0x0000000008008d52                __sfputs_r
 *fill*         0x0000000008008d76        0x2 
 .text._vfprintf_r
                0x0000000008008d78      0x234 C:/ST/STM32CubeIDE_1.9.0/STM32CubeIDE/plugins/com.st.stm32cube.ide.mcu.externaltools.gnu-tools-for-stm32.11.3.rel1.win32_1.1.0.202305231506/tools/bin/../lib/gcc/arm-none-eabi/11.3.1/../../../../arm-none-eabi/lib/thumb/v7e-m+fp/hard\libc_nano.a(libc_a-nano-vfprintf.o)
                0x0000000008008d78                _vfprintf_r
                0x0000000008008d78                _vfiprintf_r
 .text.__swbuf_r
                0x0000000008008fac       0x7a C:/ST/STM32CubeIDE_1.9.0/STM32CubeIDE/plugins/com.st.stm32cube.ide.mcu.externaltools.gnu-tools-for-stm32.11.3.rel1.win32_1.1.0.202305231506/tools/bin/../lib/gcc/arm-none-eabi/11.3.1/../../../../arm-none-eabi/lib/thumb/v7e-m+fp/hard\libc_nano.a(libc_a-wbuf.o)
                0x0000000008008fac                __swbuf_r
 *fill*         0x0000000008009026        0x2 
 .text.__swsetup_r
                0x0000000008009028       0xb0 C:/ST/STM32CubeIDE_1.9.0/STM32CubeIDE/plugins/com.st.stm32cube.ide.mcu.externaltools.gnu-tools-for-stm32.11.3.rel1.win32_1.1.0.202305231506/tools/bin/../lib/gcc/arm-none-eabi/11.3.1/../../../../arm-none-eabi/lib/thumb/v7e-m+fp/hard\libc_nano.a(libc_a-wsetup.o)
                0x0000000008009028                __swsetup_r
 .text._raise_r
                0x00000000080090d8       0x50 C:/ST/STM32CubeIDE_1.9.0/STM32CubeIDE/plugins/com.st.stm32cube.ide.mcu.externaltools.gnu-tools-for-stm32.11.3.rel1.win32_1.1.0.202305231506/tools/bin/../lib/gcc/arm-none-eabi/11.3.1/../../../../arm-none-eabi/lib/thumb/v7e-m+fp/hard\libc_nano.a(libc_a-signal.o)
                0x00000000080090d8                _raise_r
 .text.raise    0x0000000008009128       0x10 C:/ST/STM32CubeIDE_1.9.0/STM32CubeIDE/plugins/com.st.stm32cube.ide.mcu.externaltools.gnu-tools-for-stm32.11.3.rel1.win32_1.1.0.202305231506/tools/bin/../lib/gcc/arm-none-eabi/11.3.1/../../../../arm-none-eabi/lib/thumb/v7e-m+fp/hard\libc_nano.a(libc_a-signal.o)
                0x0000000008009128                raise
 .text._kill_r  0x0000000008009138       0x24 C:/ST/STM32CubeIDE_1.9.0/STM32CubeIDE/plugins/com.st.stm32cube.ide.mcu.externaltools.gnu-tools-for-stm32.11.3.rel1.win32_1.1.0.202305231506/tools/bin/../lib/gcc/arm-none-eabi/11.3.1/../../../../arm-none-eabi/lib/thumb/v7e-m+fp/hard\libc_nano.a(libc_a-signalr.o)
                0x0000000008009138                _kill_r
 .text._getpid_r
                0x000000000800915c        0x4 C:/ST/STM32CubeIDE_1.9.0/STM32CubeIDE/plugins/com.st.stm32cube.ide.mcu.externaltools.gnu-tools-for-stm32.11.3.rel1.win32_1.1.0.202305231506/tools/bin/../lib/gcc/arm-none-eabi/11.3.1/../../../../arm-none-eabi/lib/thumb/v7e-m+fp/hard\libc_nano.a(libc_a-signalr.o)
                0x000000000800915c                _getpid_r
 .text._malloc_usable_size_r
                0x0000000008009160       0x10 C:/ST/STM32CubeIDE_1.9.0/STM32CubeIDE/plugins/com.st.stm32cube.ide.mcu.externaltools.gnu-tools-for-stm32.11.3.rel1.win32_1.1.0.202305231506/tools/bin/../lib/gcc/arm-none-eabi/11.3.1/../../../../arm-none-eabi/lib/thumb/v7e-m+fp/hard\libc_nano.a(libc_a-msizer.o)
                0x0000000008009160                _malloc_usable_size_r
 .text.__swhatbuf_r
                0x0000000008009170       0x4c C:/ST/STM32CubeIDE_1.9.0/STM32CubeIDE/plugins/com.st.stm32cube.ide.mcu.externaltools.gnu-tools-for-stm32.11.3.rel1.win32_1.1.0.202305231506/tools/bin/../lib/gcc/arm-none-eabi/11.3.1/../../../../arm-none-eabi/lib/thumb/v7e-m+fp/hard\libc_nano.a(libc_a-makebuf.o)
                0x0000000008009170                __swhatbuf_r
 .text.__smakebuf_r
                0x00000000080091bc       0x78 C:/ST/STM32CubeIDE_1.9.0/STM32CubeIDE/plugins/com.st.stm32cube.ide.mcu.externaltools.gnu-tools-for-stm32.11.3.rel1.win32_1.1.0.202305231506/tools/bin/../lib/gcc/arm-none-eabi/11.3.1/../../../../arm-none-eabi/lib/thumb/v7e-m+fp/hard\libc_nano.a(libc_a-makebuf.o)
                0x00000000080091bc                __smakebuf_r
 .text._fstat_r
                0x0000000008009234       0x24 C:/ST/STM32CubeIDE_1.9.0/STM32CubeIDE/plugins/com.st.stm32cube.ide.mcu.externaltools.gnu-tools-for-stm32.11.3.rel1.win32_1.1.0.202305231506/tools/bin/../lib/gcc/arm-none-eabi/11.3.1/../../../../arm-none-eabi/lib/thumb/v7e-m+fp/hard\libc_nano.a(libc_a-fstatr.o)
                0x0000000008009234                _fstat_r
 .text._isatty_r
                0x0000000008009258       0x20 C:/ST/STM32CubeIDE_1.9.0/STM32CubeIDE/plugins/com.st.stm32cube.ide.mcu.externaltools.gnu-tools-for-stm32.11.3.rel1.win32_1.1.0.202305231506/tools/bin/../lib/gcc/arm-none-eabi/11.3.1/../../../../arm-none-eabi/lib/thumb/v7e-m+fp/hard\libc_nano.a(libc_a-isattyr.o)
                0x0000000008009258                _isatty_r
 *(.glue_7)
 .glue_7        0x0000000008009278        0x0 linker stubs
 *(.glue_7t)
 .glue_7t       0x0000000008009278        0x0 linker stubs
 *(.eh_frame)
 .eh_frame      0x0000000008009278        0x0 C:/ST/STM32CubeIDE_1.9.0/STM32CubeIDE/plugins/com.st.stm32cube.ide.mcu.externaltools.gnu-tools-for-stm32.11.3.rel1.win32_1.1.0.202305231506/tools/bin/../lib/gcc/arm-none-eabi/11.3.1/thumb/v7e-m+fp/hard/crtbegin.o
 *(.init)
 .init          0x0000000008009278        0x4 C:/ST/STM32CubeIDE_1.9.0/STM32CubeIDE/plugins/com.st.stm32cube.ide.mcu.externaltools.gnu-tools-for-stm32.11.3.rel1.win32_1.1.0.202305231506/tools/bin/../lib/gcc/arm-none-eabi/11.3.1/thumb/v7e-m+fp/hard/crti.o
                0x0000000008009278                _init
 .init          0x000000000800927c        0x8 C:/ST/STM32CubeIDE_1.9.0/STM32CubeIDE/plugins/com.st.stm32cube.ide.mcu.externaltools.gnu-tools-for-stm32.11.3.rel1.win32_1.1.0.202305231506/tools/bin/../lib/gcc/arm-none-eabi/11.3.1/thumb/v7e-m+fp/hard/crtn.o
 *(.fini)
 .fini          0x0000000008009284        0x4 C:/ST/STM32CubeIDE_1.9.0/STM32CubeIDE/plugins/com.st.stm32cube.ide.mcu.externaltools.gnu-tools-for-stm32.11.3.rel1.win32_1.1.0.202305231506/tools/bin/../lib/gcc/arm-none-eabi/11.3.1/thumb/v7e-m+fp/hard/crti.o
                0x0000000008009284                _fini
 .fini          0x0000000008009288        0x8 C:/ST/STM32CubeIDE_1.9.0/STM32CubeIDE/plugins/com.st.stm32cube.ide.mcu.externaltools.gnu-tools-for-stm32.11.3.rel1.win32_1.1.0.202305231506/tools/bin/../lib/gcc/arm-none-eabi/11.3.1/thumb/v7e-m+fp/hard/crtn.o
                0x0000000008009290                . = ALIGN (0x4)
                0x0000000008009290                _etext = .

.vfp11_veneer   0x0000000008009290        0x0
 .vfp11_veneer  0x0000000008009290        0x0 linker stubs

.v4_bx          0x0000000008009290        0x0
 .v4_bx         0x0000000008009290        0x0 linker stubs

.iplt           0x0000000008009290        0x0
 .iplt          0x0000000008009290        0x0 C:/ST/STM32CubeIDE_1.9.0/STM32CubeIDE/plugins/com.st.stm32cube.ide.mcu.externaltools.gnu-tools-for-stm32.11.3.rel1.win32_1.1.0.202305231506/tools/bin/../lib/gcc/arm-none-eabi/11.3.1/thumb/v7e-m+fp/hard/crtbegin.o

.rodata         0x0000000008009290      0x2d4
                0x0000000008009290                . = ALIGN (0x4)
 *(.rodata)
 .rodata        0x0000000008009290       0xad ./Core/Src/mylibs/shell.o
 *(.rodata*)
 *fill*         0x000000000800933d        0x3 
 .rodata.AHBPrescTable
                0x0000000008009340       0x10 ./Core/Src/system_stm32g4xx.o
                0x0000000008009340                AHBPrescTable
 .rodata.APBPrescTable
                0x0000000008009350        0x8 ./Core/Src/system_stm32g4xx.o
                0x0000000008009350                APBPrescTable
 .rodata.UARTPrescTable
                0x0000000008009358       0x18 ./Drivers/STM32G4xx_HAL_Driver/Src/stm32g4xx_hal_uart.o
                0x0000000008009358                UARTPrescTable
 .rodata.numerator.1
                0x0000000008009370        0x8 ./Drivers/STM32G4xx_HAL_Driver/Src/stm32g4xx_hal_uart_ex.o
 .rodata.denominator.0
                0x0000000008009378        0x8 ./Drivers/STM32G4xx_HAL_Driver/Src/stm32g4xx_hal_uart_ex.o
 .rodata._ctype_
                0x0000000008009380      0x101 C:/ST/STM32CubeIDE_1.9.0/STM32CubeIDE/plugins/com.st.stm32cube.ide.mcu.externaltools.gnu-tools-for-stm32.11.3.rel1.win32_1.1.0.202305231506/tools/bin/../lib/gcc/arm-none-eabi/11.3.1/../../../../arm-none-eabi/lib/thumb/v7e-m+fp/hard\libc_nano.a(libc_a-ctype_.o)
                0x0000000008009380                _ctype_
 .rodata.strtok.str1.1
                0x0000000008009481       0x71 C:/ST/STM32CubeIDE_1.9.0/STM32CubeIDE/plugins/com.st.stm32cube.ide.mcu.externaltools.gnu-tools-for-stm32.11.3.rel1.win32_1.1.0.202305231506/tools/bin/../lib/gcc/arm-none-eabi/11.3.1/../../../../arm-none-eabi/lib/thumb/v7e-m+fp/hard\libc_nano.a(libc_a-strtok.o)
 .rodata.__assert_func.str1.1
                0x00000000080094f2       0x3c C:/ST/STM32CubeIDE_1.9.0/STM32CubeIDE/plugins/com.st.stm32cube.ide.mcu.externaltools.gnu-tools-for-stm32.11.3.rel1.win32_1.1.0.202305231506/tools/bin/../lib/gcc/arm-none-eabi/11.3.1/../../../../arm-none-eabi/lib/thumb/v7e-m+fp/hard\libc_nano.a(libc_a-assert.o)
                                         0x3d (size before relaxing)
 .rodata._svfprintf_r.str1.1
                0x000000000800952e       0x11 C:/ST/STM32CubeIDE_1.9.0/STM32CubeIDE/plugins/com.st.stm32cube.ide.mcu.externaltools.gnu-tools-for-stm32.11.3.rel1.win32_1.1.0.202305231506/tools/bin/../lib/gcc/arm-none-eabi/11.3.1/../../../../arm-none-eabi/lib/thumb/v7e-m+fp/hard\libc_nano.a(libc_a-nano-svfprintf.o)
 .rodata._printf_i.str1.1
                0x000000000800953f       0x22 C:/ST/STM32CubeIDE_1.9.0/STM32CubeIDE/plugins/com.st.stm32cube.ide.mcu.externaltools.gnu-tools-for-stm32.11.3.rel1.win32_1.1.0.202305231506/tools/bin/../lib/gcc/arm-none-eabi/11.3.1/../../../../arm-none-eabi/lib/thumb/v7e-m+fp/hard\libc_nano.a(libc_a-nano-vfprintf_i.o)
 .rodata._vfprintf_r.str1.1
                0x0000000008009561       0x11 C:/ST/STM32CubeIDE_1.9.0/STM32CubeIDE/plugins/com.st.stm32cube.ide.mcu.externaltools.gnu-tools-for-stm32.11.3.rel1.win32_1.1.0.202305231506/tools/bin/../lib/gcc/arm-none-eabi/11.3.1/../../../../arm-none-eabi/lib/thumb/v7e-m+fp/hard\libc_nano.a(libc_a-nano-vfprintf.o)
                0x0000000008009574                . = ALIGN (0x4)
 *fill*         0x0000000008009561        0x3 

.ARM.extab      0x0000000008009564        0x0
                0x0000000008009564                . = ALIGN (0x4)
 *(.ARM.extab* .gnu.linkonce.armextab.*)
                0x0000000008009564                . = ALIGN (0x4)

.ARM            0x0000000008009564        0x8
                0x0000000008009564                . = ALIGN (0x4)
                0x0000000008009564                __exidx_start = .
 *(.ARM.exidx*)
 .ARM.exidx     0x0000000008009564        0x8 C:/ST/STM32CubeIDE_1.9.0/STM32CubeIDE/plugins/com.st.stm32cube.ide.mcu.externaltools.gnu-tools-for-stm32.11.3.rel1.win32_1.1.0.202305231506/tools/bin/../lib/gcc/arm-none-eabi/11.3.1/thumb/v7e-m+fp/hard\libgcc.a(_udivmoddi4.o)
                0x000000000800956c                __exidx_end = .
                0x000000000800956c                . = ALIGN (0x4)

.rel.dyn        0x000000000800956c        0x0
 .rel.iplt      0x000000000800956c        0x0 C:/ST/STM32CubeIDE_1.9.0/STM32CubeIDE/plugins/com.st.stm32cube.ide.mcu.externaltools.gnu-tools-for-stm32.11.3.rel1.win32_1.1.0.202305231506/tools/bin/../lib/gcc/arm-none-eabi/11.3.1/thumb/v7e-m+fp/hard/crtbegin.o

.preinit_array  0x000000000800956c        0x0
                0x000000000800956c                . = ALIGN (0x4)
                0x000000000800956c                PROVIDE (__preinit_array_start = .)
 *(.preinit_array*)
                0x000000000800956c                PROVIDE (__preinit_array_end = .)
                0x000000000800956c                . = ALIGN (0x4)

.init_array     0x000000000800956c        0x4
                0x000000000800956c                . = ALIGN (0x4)
                0x000000000800956c                PROVIDE (__init_array_start = .)
 *(SORT_BY_NAME(.init_array.*))
 *(.init_array*)
 .init_array    0x000000000800956c        0x4 C:/ST/STM32CubeIDE_1.9.0/STM32CubeIDE/plugins/com.st.stm32cube.ide.mcu.externaltools.gnu-tools-for-stm32.11.3.rel1.win32_1.1.0.202305231506/tools/bin/../lib/gcc/arm-none-eabi/11.3.1/thumb/v7e-m+fp/hard/crtbegin.o
                0x0000000008009570                PROVIDE (__init_array_end = .)
                0x0000000008009570                . = ALIGN (0x4)

.fini_array     0x0000000008009570        0x4
                0x0000000008009570                . = ALIGN (0x4)
                [!provide]                        PROVIDE (__fini_array_start = .)
 *(SORT_BY_NAME(.fini_array.*))
 *(.fini_array*)
 .fini_array    0x0000000008009570        0x4 C:/ST/STM32CubeIDE_1.9.0/STM32CubeIDE/plugins/com.st.stm32cube.ide.mcu.externaltools.gnu-tools-for-stm32.11.3.rel1.win32_1.1.0.202305231506/tools/bin/../lib/gcc/arm-none-eabi/11.3.1/thumb/v7e-m+fp/hard/crtbegin.o
                [!provide]                        PROVIDE (__fini_array_end = .)
                0x0000000008009574                . = ALIGN (0x4)
                0x0000000008009574                _sidata = LOADADDR (.data)

.data           0x0000000020000000      0x124 load address 0x0000000008009574
                0x0000000020000000                . = ALIGN (0x4)
                0x0000000020000000                _sdata = .
 *(.data)
 *(.data*)
 .data.SystemCoreClock
                0x0000000020000000        0x4 ./Core/Src/system_stm32g4xx.o
                0x0000000020000000                SystemCoreClock
 .data.prompt   0x0000000020000004       0x1c ./Core/Src/mylibs/shell.o
                0x0000000020000004                prompt
 .data.started  0x0000000020000020       0x66 ./Core/Src/mylibs/shell.o
                0x0000000020000020                started
 *fill*         0x0000000020000086        0x2 
 .data.newline  0x0000000020000088        0x3 ./Core/Src/mylibs/shell.o
                0x0000000020000088                newline
 *fill*         0x000000002000008b        0x1 
 .data.backspace
                0x000000002000008c        0x4 ./Core/Src/mylibs/shell.o
                0x000000002000008c                backspace
 .data.cmdNotFound
                0x0000000020000090       0x14 ./Core/Src/mylibs/shell.o
                0x0000000020000090                cmdNotFound
 .data.brian    0x00000000200000a4       0x1a ./Core/Src/mylibs/shell.o
                0x00000000200000a4                brian
 *fill*         0x00000000200000be        0x2 
 .data.uwTickPrio
                0x00000000200000c0        0x4 ./Drivers/STM32G4xx_HAL_Driver/Src/stm32g4xx_hal.o
                0x00000000200000c0                uwTickPrio
 .data.uwTickFreq
                0x00000000200000c4        0x4 ./Drivers/STM32G4xx_HAL_Driver/Src/stm32g4xx_hal.o
                0x00000000200000c4                uwTickFreq
 .data.__sglue  0x00000000200000c8        0xc C:/ST/STM32CubeIDE_1.9.0/STM32CubeIDE/plugins/com.st.stm32cube.ide.mcu.externaltools.gnu-tools-for-stm32.11.3.rel1.win32_1.1.0.202305231506/tools/bin/../lib/gcc/arm-none-eabi/11.3.1/../../../../arm-none-eabi/lib/thumb/v7e-m+fp/hard\libc_nano.a(libc_a-findfp.o)
                0x00000000200000c8                __sglue
 .data._impure_data
                0x00000000200000d4       0x4c C:/ST/STM32CubeIDE_1.9.0/STM32CubeIDE/plugins/com.st.stm32cube.ide.mcu.externaltools.gnu-tools-for-stm32.11.3.rel1.win32_1.1.0.202305231506/tools/bin/../lib/gcc/arm-none-eabi/11.3.1/../../../../arm-none-eabi/lib/thumb/v7e-m+fp/hard\libc_nano.a(libc_a-impure.o)
                0x00000000200000d4                _impure_data
 .data._impure_ptr
                0x0000000020000120        0x4 C:/ST/STM32CubeIDE_1.9.0/STM32CubeIDE/plugins/com.st.stm32cube.ide.mcu.externaltools.gnu-tools-for-stm32.11.3.rel1.win32_1.1.0.202305231506/tools/bin/../lib/gcc/arm-none-eabi/11.3.1/../../../../arm-none-eabi/lib/thumb/v7e-m+fp/hard\libc_nano.a(libc_a-impure.o)
                0x0000000020000120                _impure_ptr
 *(.RamFunc)
 *(.RamFunc*)
                0x0000000020000124                . = ALIGN (0x4)
                0x0000000020000124                _edata = .

.igot.plt       0x0000000020000124        0x0 load address 0x0000000008009698
 .igot.plt      0x0000000020000124        0x0 C:/ST/STM32CubeIDE_1.9.0/STM32CubeIDE/plugins/com.st.stm32cube.ide.mcu.externaltools.gnu-tools-for-stm32.11.3.rel1.win32_1.1.0.202305231506/tools/bin/../lib/gcc/arm-none-eabi/11.3.1/thumb/v7e-m+fp/hard/crtbegin.o
                0x0000000020000124                . = ALIGN (0x4)

.bss            0x0000000020000124      0x50c load address 0x0000000008009698
                0x0000000020000124                _sbss = .
                0x0000000020000124                __bss_start__ = _sbss
 *(.bss)
 .bss           0x0000000020000124       0x1c C:/ST/STM32CubeIDE_1.9.0/STM32CubeIDE/plugins/com.st.stm32cube.ide.mcu.externaltools.gnu-tools-for-stm32.11.3.rel1.win32_1.1.0.202305231506/tools/bin/../lib/gcc/arm-none-eabi/11.3.1/thumb/v7e-m+fp/hard/crtbegin.o
 *(.bss*)
 .bss.hadc1     0x0000000020000140       0x6c ./Core/Src/adc.o
                0x0000000020000140                hadc1
 .bss.hadc2     0x00000000200001ac       0x6c ./Core/Src/adc.o
                0x00000000200001ac                hadc2
 .bss.HAL_RCC_ADC12_CLK_ENABLED
                0x0000000020000218        0x4 ./Core/Src/adc.o
 .bss.htim6     0x000000002000021c       0x4c ./Core/Src/stm32g4xx_hal_timebase_tim.o
                0x000000002000021c                htim6
 .bss.__sbrk_heap_end
                0x0000000020000268        0x4 ./Core/Src/sysmem.o
 .bss.htim1     0x000000002000026c       0x4c ./Core/Src/tim.o
                0x000000002000026c                htim1
 .bss.htim3     0x00000000200002b8       0x4c ./Core/Src/tim.o
                0x00000000200002b8                htim3
 .bss.huart2    0x0000000020000304       0x90 ./Core/Src/usart.o
                0x0000000020000304                huart2
 .bss.huart3    0x0000000020000394       0x90 ./Core/Src/usart.o
                0x0000000020000394                huart3
 .bss.uartRxReceived
                0x0000000020000424        0x1 ./Core/Src/mylibs/shell.o
                0x0000000020000424                uartRxReceived
 *fill*         0x0000000020000425        0x3 
 .bss.uartRxBuffer
                0x0000000020000428        0x1 ./Core/Src/mylibs/shell.o
                0x0000000020000428                uartRxBuffer
 *fill*         0x0000000020000429        0x3 
 .bss.uartTxBuffer
                0x000000002000042c       0x40 ./Core/Src/mylibs/shell.o
                0x000000002000042c                uartTxBuffer
 .bss.cmdBuffer
                0x000000002000046c       0x40 ./Core/Src/mylibs/shell.o
                0x000000002000046c                cmdBuffer
 .bss.idx_cmd   0x00000000200004ac        0x4 ./Core/Src/mylibs/shell.o
                0x00000000200004ac                idx_cmd
 .bss.argv      0x00000000200004b0       0x24 ./Core/Src/mylibs/shell.o
                0x00000000200004b0                argv
 .bss.argc      0x00000000200004d4        0x4 ./Core/Src/mylibs/shell.o
                0x00000000200004d4                argc
 .bss.token     0x00000000200004d8        0x4 ./Core/Src/mylibs/shell.o
                0x00000000200004d8                token
 .bss.newCmdReady
                0x00000000200004dc        0x4 ./Core/Src/mylibs/shell.o
                0x00000000200004dc                newCmdReady
 .bss.uwTick    0x00000000200004e0        0x4 ./Drivers/STM32G4xx_HAL_Driver/Src/stm32g4xx_hal.o
                0x00000000200004e0                uwTick
 .bss.__sf      0x00000000200004e4      0x138 C:/ST/STM32CubeIDE_1.9.0/STM32CubeIDE/plugins/com.st.stm32cube.ide.mcu.externaltools.gnu-tools-for-stm32.11.3.rel1.win32_1.1.0.202305231506/tools/bin/../lib/gcc/arm-none-eabi/11.3.1/../../../../arm-none-eabi/lib/thumb/v7e-m+fp/hard\libc_nano.a(libc_a-findfp.o)
                0x00000000200004e4                __sf
 .bss.__stdio_exit_handler
                0x000000002000061c        0x4 C:/ST/STM32CubeIDE_1.9.0/STM32CubeIDE/plugins/com.st.stm32cube.ide.mcu.externaltools.gnu-tools-for-stm32.11.3.rel1.win32_1.1.0.202305231506/tools/bin/../lib/gcc/arm-none-eabi/11.3.1/../../../../arm-none-eabi/lib/thumb/v7e-m+fp/hard\libc_nano.a(libc_a-findfp.o)
                0x000000002000061c                __stdio_exit_handler
 .bss.errno     0x0000000020000620        0x4 C:/ST/STM32CubeIDE_1.9.0/STM32CubeIDE/plugins/com.st.stm32cube.ide.mcu.externaltools.gnu-tools-for-stm32.11.3.rel1.win32_1.1.0.202305231506/tools/bin/../lib/gcc/arm-none-eabi/11.3.1/../../../../arm-none-eabi/lib/thumb/v7e-m+fp/hard\libc_nano.a(libc_a-reent.o)
                0x0000000020000620                errno
 .bss.__lock___malloc_recursive_mutex
                0x0000000020000624        0x1 C:/ST/STM32CubeIDE_1.9.0/STM32CubeIDE/plugins/com.st.stm32cube.ide.mcu.externaltools.gnu-tools-for-stm32.11.3.rel1.win32_1.1.0.202305231506/tools/bin/../lib/gcc/arm-none-eabi/11.3.1/../../../../arm-none-eabi/lib/thumb/v7e-m+fp/hard\libc_nano.a(libc_a-lock.o)
                0x0000000020000624                __lock___malloc_recursive_mutex
 .bss.__lock___sfp_recursive_mutex
                0x0000000020000625        0x1 C:/ST/STM32CubeIDE_1.9.0/STM32CubeIDE/plugins/com.st.stm32cube.ide.mcu.externaltools.gnu-tools-for-stm32.11.3.rel1.win32_1.1.0.202305231506/tools/bin/../lib/gcc/arm-none-eabi/11.3.1/../../../../arm-none-eabi/lib/thumb/v7e-m+fp/hard\libc_nano.a(libc_a-lock.o)
                0x0000000020000625                __lock___sfp_recursive_mutex
 *fill*         0x0000000020000626        0x2 
 .bss.__malloc_free_list
                0x0000000020000628        0x4 C:/ST/STM32CubeIDE_1.9.0/STM32CubeIDE/plugins/com.st.stm32cube.ide.mcu.externaltools.gnu-tools-for-stm32.11.3.rel1.win32_1.1.0.202305231506/tools/bin/../lib/gcc/arm-none-eabi/11.3.1/../../../../arm-none-eabi/lib/thumb/v7e-m+fp/hard\libc_nano.a(libc_a-mallocr.o)
                0x0000000020000628                __malloc_free_list
 .bss.__malloc_sbrk_start
                0x000000002000062c        0x4 C:/ST/STM32CubeIDE_1.9.0/STM32CubeIDE/plugins/com.st.stm32cube.ide.mcu.externaltools.gnu-tools-for-stm32.11.3.rel1.win32_1.1.0.202305231506/tools/bin/../lib/gcc/arm-none-eabi/11.3.1/../../../../arm-none-eabi/lib/thumb/v7e-m+fp/hard\libc_nano.a(libc_a-mallocr.o)
                0x000000002000062c                __malloc_sbrk_start
 *(COMMON)
                0x0000000020000630                . = ALIGN (0x4)
                0x0000000020000630                _ebss = .
                0x0000000020000630                __bss_end__ = _ebss

._user_heap_stack
                0x0000000020000630      0x600 load address 0x0000000008009698
                0x0000000020000630                . = ALIGN (0x8)
                [!provide]                        PROVIDE (end = .)
                0x0000000020000630                PROVIDE (_end = .)
                0x0000000020000830                . = (. + _Min_Heap_Size)
 *fill*         0x0000000020000630      0x200 
                0x0000000020000c30                . = (. + _Min_Stack_Size)
 *fill*         0x0000000020000830      0x400 
                0x0000000020000c30                . = ALIGN (0x8)

/DISCARD/
 libc.a(*)
 libm.a(*)
 libgcc.a(*)

.ARM.attributes
                0x0000000000000000       0x30
 *(.ARM.attributes)
 .ARM.attributes
                0x0000000000000000       0x1e C:/ST/STM32CubeIDE_1.9.0/STM32CubeIDE/plugins/com.st.stm32cube.ide.mcu.externaltools.gnu-tools-for-stm32.11.3.rel1.win32_1.1.0.202305231506/tools/bin/../lib/gcc/arm-none-eabi/11.3.1/thumb/v7e-m+fp/hard/crti.o
 .ARM.attributes
                0x000000000000001e       0x34 C:/ST/STM32CubeIDE_1.9.0/STM32CubeIDE/plugins/com.st.stm32cube.ide.mcu.externaltools.gnu-tools-for-stm32.11.3.rel1.win32_1.1.0.202305231506/tools/bin/../lib/gcc/arm-none-eabi/11.3.1/thumb/v7e-m+fp/hard/crtbegin.o
 .ARM.attributes
                0x0000000000000052       0x34 ./Core/Src/adc.o
 .ARM.attributes
                0x0000000000000086       0x34 ./Core/Src/gpio.o
 .ARM.attributes
                0x00000000000000ba       0x34 ./Core/Src/main.o
 .ARM.attributes
                0x00000000000000ee       0x34 ./Core/Src/stm32g4xx_hal_msp.o
 .ARM.attributes
                0x0000000000000122       0x34 ./Core/Src/stm32g4xx_hal_timebase_tim.o
 .ARM.attributes
                0x0000000000000156       0x34 ./Core/Src/stm32g4xx_it.o
 .ARM.attributes
                0x000000000000018a       0x34 ./Core/Src/syscalls.o
 .ARM.attributes
                0x00000000000001be       0x34 ./Core/Src/sysmem.o
 .ARM.attributes
                0x00000000000001f2       0x34 ./Core/Src/system_stm32g4xx.o
 .ARM.attributes
                0x0000000000000226       0x34 ./Core/Src/tim.o
 .ARM.attributes
                0x000000000000025a       0x34 ./Core/Src/usart.o
 .ARM.attributes
                0x000000000000028e       0x34 ./Core/Src/mylibs/pwm.o
 .ARM.attributes
                0x00000000000002c2       0x34 ./Core/Src/mylibs/shell.o
 .ARM.attributes
                0x00000000000002f6       0x21 ./Core/Startup/startup_stm32g474retx.o
 .ARM.attributes
                0x0000000000000317       0x34 ./Drivers/STM32G4xx_HAL_Driver/Src/stm32g4xx_hal.o
 .ARM.attributes
                0x000000000000034b       0x34 ./Drivers/STM32G4xx_HAL_Driver/Src/stm32g4xx_hal_adc.o
 .ARM.attributes
                0x000000000000037f       0x34 ./Drivers/STM32G4xx_HAL_Driver/Src/stm32g4xx_hal_adc_ex.o
 .ARM.attributes
                0x00000000000003b3       0x34 ./Drivers/STM32G4xx_HAL_Driver/Src/stm32g4xx_hal_cortex.o
 .ARM.attributes
                0x00000000000003e7       0x34 ./Drivers/STM32G4xx_HAL_Driver/Src/stm32g4xx_hal_dma.o
 .ARM.attributes
                0x000000000000041b       0x34 ./Drivers/STM32G4xx_HAL_Driver/Src/stm32g4xx_hal_gpio.o
 .ARM.attributes
                0x000000000000044f       0x34 ./Drivers/STM32G4xx_HAL_Driver/Src/stm32g4xx_hal_pwr_ex.o
 .ARM.attributes
                0x0000000000000483       0x34 ./Drivers/STM32G4xx_HAL_Driver/Src/stm32g4xx_hal_rcc.o
 .ARM.attributes
                0x00000000000004b7       0x34 ./Drivers/STM32G4xx_HAL_Driver/Src/stm32g4xx_hal_rcc_ex.o
 .ARM.attributes
                0x00000000000004eb       0x34 ./Drivers/STM32G4xx_HAL_Driver/Src/stm32g4xx_hal_tim.o
 .ARM.attributes
                0x000000000000051f       0x34 ./Drivers/STM32G4xx_HAL_Driver/Src/stm32g4xx_hal_tim_ex.o
 .ARM.attributes
                0x0000000000000553       0x34 ./Drivers/STM32G4xx_HAL_Driver/Src/stm32g4xx_hal_uart.o
 .ARM.attributes
                0x0000000000000587       0x34 ./Drivers/STM32G4xx_HAL_Driver/Src/stm32g4xx_hal_uart_ex.o
 .ARM.attributes
                0x00000000000005bb       0x34 C:/ST/STM32CubeIDE_1.9.0/STM32CubeIDE/plugins/com.st.stm32cube.ide.mcu.externaltools.gnu-tools-for-stm32.11.3.rel1.win32_1.1.0.202305231506/tools/bin/../lib/gcc/arm-none-eabi/11.3.1/../../../../arm-none-eabi/lib/thumb/v7e-m+fp/hard\libc_nano.a(libc_a-atoi.o)
 .ARM.attributes
                0x00000000000005ef       0x34 C:/ST/STM32CubeIDE_1.9.0/STM32CubeIDE/plugins/com.st.stm32cube.ide.mcu.externaltools.gnu-tools-for-stm32.11.3.rel1.win32_1.1.0.202305231506/tools/bin/../lib/gcc/arm-none-eabi/11.3.1/../../../../arm-none-eabi/lib/thumb/v7e-m+fp/hard\libc_nano.a(libc_a-strtol.o)
 .ARM.attributes
                0x0000000000000623       0x34 C:/ST/STM32CubeIDE_1.9.0/STM32CubeIDE/plugins/com.st.stm32cube.ide.mcu.externaltools.gnu-tools-for-stm32.11.3.rel1.win32_1.1.0.202305231506/tools/bin/../lib/gcc/arm-none-eabi/11.3.1/../../../../arm-none-eabi/lib/thumb/v7e-m+fp/hard\libc_nano.a(libc_a-ctype_.o)
 .ARM.attributes
                0x0000000000000657       0x34 C:/ST/STM32CubeIDE_1.9.0/STM32CubeIDE/plugins/com.st.stm32cube.ide.mcu.externaltools.gnu-tools-for-stm32.11.3.rel1.win32_1.1.0.202305231506/tools/bin/../lib/gcc/arm-none-eabi/11.3.1/../../../../arm-none-eabi/lib/thumb/v7e-m+fp/hard\libc_nano.a(libc_a-findfp.o)
 .ARM.attributes
                0x000000000000068b       0x34 C:/ST/STM32CubeIDE_1.9.0/STM32CubeIDE/plugins/com.st.stm32cube.ide.mcu.externaltools.gnu-tools-for-stm32.11.3.rel1.win32_1.1.0.202305231506/tools/bin/../lib/gcc/arm-none-eabi/11.3.1/../../../../arm-none-eabi/lib/thumb/v7e-m+fp/hard\libc_nano.a(libc_a-fwalk.o)
 .ARM.attributes
                0x00000000000006bf       0x34 C:/ST/STM32CubeIDE_1.9.0/STM32CubeIDE/plugins/com.st.stm32cube.ide.mcu.externaltools.gnu-tools-for-stm32.11.3.rel1.win32_1.1.0.202305231506/tools/bin/../lib/gcc/arm-none-eabi/11.3.1/../../../../arm-none-eabi/lib/thumb/v7e-m+fp/hard\libc_nano.a(libc_a-snprintf.o)
 .ARM.attributes
                0x00000000000006f3       0x34 C:/ST/STM32CubeIDE_1.9.0/STM32CubeIDE/plugins/com.st.stm32cube.ide.mcu.externaltools.gnu-tools-for-stm32.11.3.rel1.win32_1.1.0.202305231506/tools/bin/../lib/gcc/arm-none-eabi/11.3.1/../../../../arm-none-eabi/lib/thumb/v7e-m+fp/hard\libc_nano.a(libc_a-stdio.o)
 .ARM.attributes
                0x0000000000000727       0x34 C:/ST/STM32CubeIDE_1.9.0/STM32CubeIDE/plugins/com.st.stm32cube.ide.mcu.externaltools.gnu-tools-for-stm32.11.3.rel1.win32_1.1.0.202305231506/tools/bin/../lib/gcc/arm-none-eabi/11.3.1/../../../../arm-none-eabi/lib/thumb/v7e-m+fp/hard\libc_nano.a(libc_a-memset.o)
 .ARM.attributes
                0x000000000000075b       0x34 C:/ST/STM32CubeIDE_1.9.0/STM32CubeIDE/plugins/com.st.stm32cube.ide.mcu.externaltools.gnu-tools-for-stm32.11.3.rel1.win32_1.1.0.202305231506/tools/bin/../lib/gcc/arm-none-eabi/11.3.1/../../../../arm-none-eabi/lib/thumb/v7e-m+fp/hard\libc_nano.a(libc_a-strtok.o)
 .ARM.attributes
                0x000000000000078f       0x34 C:/ST/STM32CubeIDE_1.9.0/STM32CubeIDE/plugins/com.st.stm32cube.ide.mcu.externaltools.gnu-tools-for-stm32.11.3.rel1.win32_1.1.0.202305231506/tools/bin/../lib/gcc/arm-none-eabi/11.3.1/../../../../arm-none-eabi/lib/thumb/v7e-m+fp/hard\libc_nano.a(libc_a-strtok_r.o)
 .ARM.attributes
                0x00000000000007c3       0x34 C:/ST/STM32CubeIDE_1.9.0/STM32CubeIDE/plugins/com.st.stm32cube.ide.mcu.externaltools.gnu-tools-for-stm32.11.3.rel1.win32_1.1.0.202305231506/tools/bin/../lib/gcc/arm-none-eabi/11.3.1/../../../../arm-none-eabi/lib/thumb/v7e-m+fp/hard\libc_nano.a(libc_a-closer.o)
 .ARM.attributes
                0x00000000000007f7       0x34 C:/ST/STM32CubeIDE_1.9.0/STM32CubeIDE/plugins/com.st.stm32cube.ide.mcu.externaltools.gnu-tools-for-stm32.11.3.rel1.win32_1.1.0.202305231506/tools/bin/../lib/gcc/arm-none-eabi/11.3.1/../../../../arm-none-eabi/lib/thumb/v7e-m+fp/hard\libc_nano.a(libc_a-reent.o)
 .ARM.attributes
                0x000000000000082b       0x34 C:/ST/STM32CubeIDE_1.9.0/STM32CubeIDE/plugins/com.st.stm32cube.ide.mcu.externaltools.gnu-tools-for-stm32.11.3.rel1.win32_1.1.0.202305231506/tools/bin/../lib/gcc/arm-none-eabi/11.3.1/../../../../arm-none-eabi/lib/thumb/v7e-m+fp/hard\libc_nano.a(libc_a-impure.o)
 .ARM.attributes
                0x000000000000085f       0x34 C:/ST/STM32CubeIDE_1.9.0/STM32CubeIDE/plugins/com.st.stm32cube.ide.mcu.externaltools.gnu-tools-for-stm32.11.3.rel1.win32_1.1.0.202305231506/tools/bin/../lib/gcc/arm-none-eabi/11.3.1/../../../../arm-none-eabi/lib/thumb/v7e-m+fp/hard\libc_nano.a(libc_a-lseekr.o)
 .ARM.attributes
                0x0000000000000893       0x34 C:/ST/STM32CubeIDE_1.9.0/STM32CubeIDE/plugins/com.st.stm32cube.ide.mcu.externaltools.gnu-tools-for-stm32.11.3.rel1.win32_1.1.0.202305231506/tools/bin/../lib/gcc/arm-none-eabi/11.3.1/../../../../arm-none-eabi/lib/thumb/v7e-m+fp/hard\libc_nano.a(libc_a-readr.o)
 .ARM.attributes
                0x00000000000008c7       0x34 C:/ST/STM32CubeIDE_1.9.0/STM32CubeIDE/plugins/com.st.stm32cube.ide.mcu.externaltools.gnu-tools-for-stm32.11.3.rel1.win32_1.1.0.202305231506/tools/bin/../lib/gcc/arm-none-eabi/11.3.1/../../../../arm-none-eabi/lib/thumb/v7e-m+fp/hard\libc_nano.a(libc_a-writer.o)
 .ARM.attributes
                0x00000000000008fb       0x34 C:/ST/STM32CubeIDE_1.9.0/STM32CubeIDE/plugins/com.st.stm32cube.ide.mcu.externaltools.gnu-tools-for-stm32.11.3.rel1.win32_1.1.0.202305231506/tools/bin/../lib/gcc/arm-none-eabi/11.3.1/../../../../arm-none-eabi/lib/thumb/v7e-m+fp/hard\libc_nano.a(libc_a-errno.o)
 .ARM.attributes
                0x000000000000092f       0x34 C:/ST/STM32CubeIDE_1.9.0/STM32CubeIDE/plugins/com.st.stm32cube.ide.mcu.externaltools.gnu-tools-for-stm32.11.3.rel1.win32_1.1.0.202305231506/tools/bin/../lib/gcc/arm-none-eabi/11.3.1/../../../../arm-none-eabi/lib/thumb/v7e-m+fp/hard\libc_nano.a(libc_a-init.o)
 .ARM.attributes
                0x0000000000000963       0x34 C:/ST/STM32CubeIDE_1.9.0/STM32CubeIDE/plugins/com.st.stm32cube.ide.mcu.externaltools.gnu-tools-for-stm32.11.3.rel1.win32_1.1.0.202305231506/tools/bin/../lib/gcc/arm-none-eabi/11.3.1/../../../../arm-none-eabi/lib/thumb/v7e-m+fp/hard\libc_nano.a(libc_a-lock.o)
 .ARM.attributes
                0x0000000000000997       0x1c C:/ST/STM32CubeIDE_1.9.0/STM32CubeIDE/plugins/com.st.stm32cube.ide.mcu.externaltools.gnu-tools-for-stm32.11.3.rel1.win32_1.1.0.202305231506/tools/bin/../lib/gcc/arm-none-eabi/11.3.1/../../../../arm-none-eabi/lib/thumb/v7e-m+fp/hard\libc_nano.a(libc_a-strcmp.o)
 .ARM.attributes